
Discarded input sections

 .text          0x0000000000000000        0x0 build/applications/uart_util.o
 .data          0x0000000000000000        0x0 build/applications/uart_util.o
 .bss           0x0000000000000000        0x0 build/applications/uart_util.o
 .text          0x0000000000000000        0x0 build/applications/motor_periph.o
 .data          0x0000000000000000        0x0 build/applications/motor_periph.o
 .bss           0x0000000000000000        0x0 build/applications/motor_periph.o
 .text          0x0000000000000000        0x0 build/applications/main.o
 .data          0x0000000000000000        0x0 build/applications/main.o
 .bss           0x0000000000000000        0x0 build/applications/main.o
 .text          0x0000000000000000        0x0 build/applications/can_util.o
 .data          0x0000000000000000        0x0 build/applications/can_util.o
 .bss           0x0000000000000000        0x0 build/applications/can_util.o
 .text.CAN_ErrorHandler
                0x0000000000000000        0x4 build/applications/can_util.o
 .text          0x0000000000000000        0x0 build/applications/filter_alg.o
 .data          0x0000000000000000        0x0 build/applications/filter_alg.o
 .bss           0x0000000000000000        0x0 build/applications/filter_alg.o
 .text.kalman_filter
                0x0000000000000000       0xb0 build/applications/filter_alg.o
 .text          0x0000000000000000        0x0 build/applications/remote_periph.o
 .data          0x0000000000000000        0x0 build/applications/remote_periph.o
 .bss           0x0000000000000000        0x0 build/applications/remote_periph.o
 .text          0x0000000000000000        0x0 build/applications/pid_alg.o
 .data          0x0000000000000000        0x0 build/applications/pid_alg.o
 .bss           0x0000000000000000        0x0 build/applications/pid_alg.o
 .text.PID_InitPIDParam
                0x0000000000000000       0x18 build/applications/pid_alg.o
 .text.PID_GetPIDOutput
                0x0000000000000000        0x8 build/applications/pid_alg.o
 .text.PID_GetPIDRef
                0x0000000000000000        0x8 build/applications/pid_alg.o
 .text.PID_SetPIDRef
                0x0000000000000000        0x8 build/applications/pid_alg.o
 .text.PID_SetPIDFdb
                0x0000000000000000        0x8 build/applications/pid_alg.o
 .text.PID_ClearPID
                0x0000000000000000       0x20 build/applications/pid_alg.o
 .text.PID_SetPIDMax
                0x0000000000000000        0x8 build/applications/pid_alg.o
 .data.PID_ChassisMotorpidparam
                0x0000000000000000       0x14 build/applications/pid_alg.o
 .text          0x0000000000000000        0x0 build/driver/plic.o
 .data          0x0000000000000000        0x0 build/driver/plic.o
 .bss           0x0000000000000000        0x0 build/driver/plic.o
 .text.plic_irq_disable
                0x0000000000000000       0x2c build/driver/plic.o
 .text          0x0000000000000000        0x0 build/driver/board.o
 .data          0x0000000000000000        0x0 build/driver/board.o
 .bss           0x0000000000000000        0x0 build/driver/board.o
 .text          0x0000000000000000        0x0 build/driver/drv_uart.o
 .data          0x0000000000000000        0x0 build/driver/drv_uart.o
 .bss           0x0000000000000000        0x0 build/driver/drv_uart.o
 .text          0x0000000000000000        0x0 build/driver/sbi.o
 .data          0x0000000000000000        0x0 build/driver/sbi.o
 .bss           0x0000000000000000        0x0 build/driver/sbi.o
 .text.sbi_call
                0x0000000000000000       0x30 build/driver/sbi.o
 .text.sbi_probe_extension
                0x0000000000000000       0x3c build/driver/sbi.o
 .rodata.sbi_print_version.str1.8
                0x0000000000000000      0x152 build/driver/sbi.o
 .text.sbi_print_version
                0x0000000000000000      0x134 build/driver/sbi.o
 .rodata.sbi_print_version
                0x0000000000000000       0x18 build/driver/sbi.o
 .rodata.sbi_set_timer.str1.8
                0x0000000000000000       0x19 build/driver/sbi.o
 .text.sbi_set_timer
                0x0000000000000000       0x90 build/driver/sbi.o
 .text.sbi_send_ipi
                0x0000000000000000       0x94 build/driver/sbi.o
 .text.sbi_remote_fence_i
                0x0000000000000000       0x94 build/driver/sbi.o
 .text.sbi_remote_sfence_vma
                0x0000000000000000       0x94 build/driver/sbi.o
 .text.sbi_remote_sfence_vma_asid
                0x0000000000000000       0x94 build/driver/sbi.o
 .text.sbi_hsm_hart_start
                0x0000000000000000       0x40 build/driver/sbi.o
 .text.sbi_hsm_hart_stop
                0x0000000000000000       0x28 build/driver/sbi.o
 .text.sbi_hsm_hart_status
                0x0000000000000000       0x4c build/driver/sbi.o
 .text.sbi_init
                0x0000000000000000      0x108 build/driver/sbi.o
 .rodata.__FUNCTION__.0
                0x0000000000000000       0x1b build/driver/sbi.o
 .rodata.__FUNCTION__.1
[...]
Memory Configuration

Name             Origin             Length             Attributes
SRAM             0x0000000080000000 0x00000000007ff000
*default*        0x0000000000000000 0xffffffffffffffff

Linker script and memory map

                0x000000000000c350                __STACKSIZE__ = 0xc350
                0x0000000080000000                __START_ADDR__ = 0x80000000
                0x0000000080000000                . = __START_ADDR__

.start          0x0000000080000000       0x54
 *(.start)
 .start         0x0000000080000000       0x54 /home/ddddddd/my_learn/cpu_relative/prog/src/rtthread/libcpu/risc-v/virt64/startup_gcc.o
                0x0000000080000000                _start
                0x0000000080000058                . = ALIGN (0x8)

.text           0x0000000080000058    0x12738
 *(.text)
 .text          0x0000000080000058       0x24 /home/ddddddd/my_learn/cpu_relative/prog/src/rtthread/libcpu/risc-v/virt64/muldi3.o
                0x0000000080000058                __muldi3
 .text          0x000000008000007c      0x154 /home/ddddddd/my_learn/cpu_relative/prog/src/rtthread/libcpu/risc-v/virt64/context_gcc.o
                0x000000008000007c                rt_hw_interrupt_disable
                0x0000000080000084                rt_hw_interrupt_enable
                0x000000008000008c                rt_hw_context_switch_to
                0x000000008000009c                rt_hw_context_switch
                0x0000000080000138                rt_hw_context_switch_exit
 .text          0x00000000800001d0      0x100 /home/ddddddd/my_learn/cpu_relative/prog/src/rtthread/libcpu/risc-v/virt64/div.o
                0x00000000800001d0                __udivsi3
                0x00000000800001e8                __umodsi3
                0x0000000080000208                __divsi3
                0x0000000080000210                __divdi3
                0x0000000080000218                __udivdi3
                0x0000000080000260                __umoddi3
                0x0000000080000294                __modsi3
                0x0000000080000294                __moddi3
 *(.text.*)
 .text.uart_putc
                0x00000000800002d0       0x30 build/applications/uart_util.o
                0x00000000800002d0                uart_putc
 .text.uart_getc
                0x0000000080000300       0x3c build/applications/uart_util.o
                0x0000000080000300                uart_getc
 .text.uart_configure
                0x000000008000033c       0x5c build/applications/uart_util.o
 .text.rt_hw_uart_isr
                0x0000000080000398        0xc build/applications/uart_util.o
 .text.uart_control
                0x00000000800003a4       0x40 build/applications/uart_util.o
 .text.uart_init
                0x00000000800003e4       0x90 build/applications/uart_util.o
                0x00000000800003e4                uart_init
 .text.hw_uart_init
                0x0000000080000474       0xa0 build/applications/uart_util.o
                0x0000000080000474                hw_uart_init
 .text.Motor_SendMessage
                0x0000000080000514       0x88 build/applications/motor_periph.o
                0x0000000080000514                Motor_SendMessage
 .text.Motor_MotorEncoderDecode
                0x000000008000059c       0xa0 build/applications/motor_periph.o
                0x000000008000059c                Motor_MotorEncoderDecode
 .text.Motor_MotorPID_Clac
                0x000000008000063c        0xc build/applications/motor_periph.o
                0x000000008000063c                Motor_MotorPID_Clac
 .text.Motor_MotorGroupsPID_Clac
                0x0000000080000648       0x54 build/applications/motor_periph.o
                0x0000000080000648                Motor_MotorGroupsPID_Clac
 .text.Motor_motorInit
                0x000000008000069c       0x5c build/applications/motor_periph.o
                0x000000008000069c                Motor_motorInit
 .text.Motor_MotorGroupInit
                0x00000000800006f8      0x18c build/applications/motor_periph.o
                0x00000000800006f8                Motor_MotorGroupInit
 .text.Motor_Chassis_Decoder
                0x0000000080000884       0x90 build/applications/motor_periph.o
                0x0000000080000884                Motor_Chassis_Decoder
 .text.Task_MotorControl
                0x0000000080000914       0x84 build/applications/motor_periph.o
                0x0000000080000914                Task_MotorControl
 .text.motor_read_entry
                0x0000000080000998       0x28 build/applications/main.o
 .text.thread_sample
                0x00000000800009c0       0xa0 build/applications/main.o
                0x00000000800009c0                thread_sample
 .text.startup.main
                0x0000000080000a60       0x28 build/applications/main.o
                0x0000000080000a60                main
 .text.CAN_GetData
                0x0000000080000a88       0x50 build/applications/can_util.o
                0x0000000080000a88                CAN_GetData
 .text.CAN_SendData
                0x0000000080000ad8       0x30 build/applications/can_util.o
                0x0000000080000ad8                CAN_SendData
 .text.lowpass_filter
                0x0000000080000b08       0x70 build/applications/filter_alg.o
                0x0000000080000b08                lowpass_filter
 .text.remote_decode
                0x0000000080000b78       0xec build/applications/remote_periph.o
                0x0000000080000b78                remote_decode
 .text.remote_uart_get
                0x0000000080000c64       0xd0 build/applications/remote_periph.o
                0x0000000080000c64                remote_uart_get
 .text.PID_InitPID
                0x0000000080000d34       0x1c build/applications/pid_alg.o
                0x0000000080000d34                PID_InitPID
 .text.PID_ClacPID
                0x0000000080000d50       0xe0 build/applications/pid_alg.o
                0x0000000080000d50                PID_ClacPID
 .text.plic_set_priority
                0x0000000080000e30       0x14 build/driver/plic.o
                0x0000000080000e30                plic_set_priority
 .text.plic_irq_enable
                0x0000000080000e44       0x3c build/driver/plic.o
                0x0000000080000e44                plic_irq_enable
 .text.plic_set_threshold
                0x0000000080000e80       0x18 build/driver/plic.o
                0x0000000080000e80                plic_set_threshold
 .text.plic_claim
                0x0000000080000e98       0x40 build/driver/plic.o
                0x0000000080000e98                plic_claim
 .text.plic_complete
                0x0000000080000ed8       0x18 build/driver/plic.o
                0x0000000080000ed8                plic_complete
 .text.rt_hw_cpu_reset
                0x0000000080000ef0       0x24 build/driver/board.o
                0x0000000080000ef0                rt_hw_cpu_reset
 .text.primary_cpu_entry
                0x0000000080000f14       0x34 build/driver/board.o
                0x0000000080000f14                primary_cpu_entry
 .text.rt_hw_board_init
                0x0000000080000f48       0x68 build/driver/board.o
                0x0000000080000f48                rt_hw_board_init
 .text.drv_uart_putc
                0x0000000080000fb0       0x1c build/driver/drv_uart.o
 .text.drv_uart_getc
                0x0000000080000fcc       0x1c build/driver/drv_uart.o
 .text.rt_uart_configure
                0x0000000080000fe8       0x5c build/driver/drv_uart.o
 .text.rt_hw_uart_isr
                0x0000000080001044        0xc build/driver/drv_uart.o
 .text.uart_control
                0x0000000080001050       0x40 build/driver/drv_uart.o
 .text.virt_uart_init
                0x0000000080001090       0x38 build/driver/drv_uart.o
                0x0000000080001090                virt_uart_init
 .text.rt_hw_uart_init
                0x00000000800010c8       0xa0 build/driver/drv_uart.o
                0x00000000800010c8                rt_hw_uart_init
 .text.atoi     0x0000000080001168       0x50 build/driver/lib/stdlib.o
                0x0000000080001168                atoi
 .text.strlen   0x00000000800011b8        0x4 build/driver/lib/string.o
                0x00000000800011b8                strlen
 .text.strcpy   0x00000000800011bc       0x24 build/driver/lib/string.o
                0x00000000800011bc                strcpy
 .text.strncpy  0x00000000800011e0        0x4 build/driver/lib/string.o
                0x00000000800011e0                strncpy
 .text.strcat   0x00000000800011e4       0x38 build/driver/lib/string.o
                0x00000000800011e4                strcat
 .text.strcmp   0x000000008000121c        0x4 build/driver/lib/string.o
                0x000000008000121c                strcmp
 .text.strncmp  0x0000000080001220        0x4 build/driver/lib/string.o
                0x0000000080001220                strncmp
 .text.memset   0x0000000080001224        0x4 build/driver/lib/string.o
                0x0000000080001224                memset
 .text.memcpy   0x0000000080001228        0x4 build/driver/lib/string.o
                0x0000000080001228                memcpy
 .text.memcmp   0x000000008000122c        0x4 build/driver/lib/string.o
                0x000000008000122c                memcmp
 .text.strstr   0x0000000080001230        0x4 build/driver/lib/string.o
                0x0000000080001230                strstr
 .text.strrchr  0x0000000080001234       0x2c build/driver/lib/string.o
                0x0000000080001234                strrchr
 .text.rt_device_find
                0x0000000080001260        0x8 build/kernel/src/device.o
                0x0000000080001260                rt_device_find
 .text.rt_device_register
                0x0000000080001268       0x78 build/kernel/src/device.o
                0x0000000080001268                rt_device_register
 .text.rt_device_open
                0x00000000800012e0      0x158 build/kernel/src/device.o
                0x00000000800012e0                rt_device_open
 .text.rt_device_close
                0x0000000080001438       0xac build/kernel/src/device.o
                0x0000000080001438                rt_device_close
 .text.rt_device_read
                0x00000000800014e4       0xd4 build/kernel/src/device.o
                0x00000000800014e4                rt_device_read
 .text.rt_device_write
                0x00000000800015b8       0xd4 build/kernel/src/device.o
                0x00000000800015b8                rt_device_write
 .text.rt_device_control
                0x000000008000168c       0xac build/kernel/src/device.o
                0x000000008000168c                rt_device_control
 .text.rt_device_set_rx_indicate
                0x0000000080001738       0x78 build/kernel/src/device.o
                0x0000000080001738                rt_device_set_rx_indicate
 .text._rt_thread_cleanup_execute
                0x00000000800017b0       0x44 build/kernel/src/thread.o
 .text._rt_thread_exit
                0x00000000800017f4       0x80 build/kernel/src/thread.o
 .text._rt_thread_init.constprop.0
                0x0000000080001874      0x114 build/kernel/src/thread.o
 .text.rt_thread_timeout
                0x0000000080001988       0xd0 build/kernel/src/thread.o
                0x0000000080001988                rt_thread_timeout
 .text.rt_thread_init
                0x0000000080001a58       0xd8 build/kernel/src/thread.o
                0x0000000080001a58                rt_thread_init
 .text.rt_thread_self
                0x0000000080001b30        0xc build/kernel/src/thread.o
                0x0000000080001b30                rt_thread_self
 .text.rt_thread_detach
                0x0000000080001b3c       0xfc build/kernel/src/thread.o
                0x0000000080001b3c                rt_thread_detach
 .text.rt_thread_create
                0x0000000080001c38       0xc0 build/kernel/src/thread.o
                0x0000000080001c38                rt_thread_create
 .text.rt_thread_delete
                0x0000000080001cf8       0xe0 build/kernel/src/thread.o
                0x0000000080001cf8                rt_thread_delete
 .text.rt_thread_suspend
                0x0000000080001dd8      0x104 build/kernel/src/thread.o
                0x0000000080001dd8                rt_thread_suspend
 .text.rt_thread_sleep
                0x0000000080001edc       0xc8 build/kernel/src/thread.o
                0x0000000080001edc                rt_thread_sleep
 .text.rt_thread_delay
                0x0000000080001fa4        0x4 build/kernel/src/thread.o
                0x0000000080001fa4                rt_thread_delay
 .text.rt_thread_mdelay
                0x0000000080001fa8       0x1c build/kernel/src/thread.o
                0x0000000080001fa8                rt_thread_mdelay
 .text.rt_thread_resume
                0x0000000080001fc4       0xd8 build/kernel/src/thread.o
                0x0000000080001fc4                rt_thread_resume
 .text.rt_thread_startup
                0x000000008000209c       0xc0 build/kernel/src/thread.o
                0x000000008000209c                rt_thread_startup
 .text.rt_thread_control
                0x000000008000215c      0x148 build/kernel/src/thread.o
                0x000000008000215c                rt_thread_control
 .text.rt_mem_setname
                0x00000000800022a4       0x50 build/kernel/src/mem.o
 .text.list_mem
                0x00000000800022f4       0x4c build/kernel/src/mem.o
                0x00000000800022f4                list_mem
 .text.memtrace
                0x0000000080002340      0x198 build/kernel/src/mem.o
                0x0000000080002340                memtrace
 .text.plug_holes
                0x00000000800024d8      0x128 build/kernel/src/mem.o
 .text.memcheck
                0x0000000080002600       0xec build/kernel/src/mem.o
                0x0000000080002600                memcheck
 .text.rt_system_heap_init
                0x00000000800026ec      0x170 build/kernel/src/mem.o
                0x00000000800026ec                rt_system_heap_init
 .text.rt_malloc
                0x000000008000285c      0x308 build/kernel/src/mem.o
                0x000000008000285c                rt_malloc
 .text.rt_calloc
                0x0000000080002b64       0x40 build/kernel/src/mem.o
                0x0000000080002b64                rt_calloc
 .text.rt_free  0x0000000080002ba4      0x210 build/kernel/src/mem.o
                0x0000000080002ba4                rt_free
 .text.rt_realloc
                0x0000000080002db4      0x1fc build/kernel/src/mem.o
                0x0000000080002db4                rt_realloc
 .text.rt_system_scheduler_init
                0x0000000080002fb0       0x34 build/kernel/src/scheduler.o
                0x0000000080002fb0                rt_system_scheduler_init
 .text.rt_schedule_insert_thread
                0x0000000080002fe4       0xac build/kernel/src/scheduler.o
                0x0000000080002fe4                rt_schedule_insert_thread
 .text.rt_schedule_remove_thread
                0x0000000080003090       0x94 build/kernel/src/scheduler.o
                0x0000000080003090                rt_schedule_remove_thread
 .text.rt_system_scheduler_start
                0x0000000080003124       0x5c build/kernel/src/scheduler.o
                0x0000000080003124                rt_system_scheduler_start
 .text.rt_schedule
                0x0000000080003180      0x180 build/kernel/src/scheduler.o
                0x0000000080003180                rt_schedule
 .text.rt_enter_critical
                0x0000000080003300       0x2c build/kernel/src/scheduler.o
                0x0000000080003300                rt_enter_critical
 .text.rt_exit_critical
                0x000000008000332c       0x68 build/kernel/src/scheduler.o
                0x000000008000332c                rt_exit_critical
 .text.rt_thread_defunct_enqueue
                0x0000000080003394       0x24 build/kernel/src/idle.o
                0x0000000080003394                rt_thread_defunct_enqueue
 .text.rt_thread_defunct_dequeue
                0x00000000800033b8       0x34 build/kernel/src/idle.o
                0x00000000800033b8                rt_thread_defunct_dequeue
 .text.rt_thread_idle_entry
                0x00000000800033ec      0x118 build/kernel/src/idle.o
 .text.rt_thread_idle_init
                0x0000000080003504       0x70 build/kernel/src/idle.o
                0x0000000080003504                rt_thread_idle_init
 .text.rt_tick_get
                0x0000000080003574        0xc build/kernel/src/clock.o
                0x0000000080003574                rt_tick_get
 .text.rt_tick_increase
                0x0000000080003580       0x78 build/kernel/src/clock.o
                0x0000000080003580                rt_tick_increase
 .text.rt_tick_from_millisecond
                0x00000000800035f8       0x80 build/kernel/src/clock.o
                0x00000000800035f8                rt_tick_from_millisecond
 .text.rti_start
                0x0000000080003678        0x8 build/kernel/src/components.o
 .text.rti_end  0x0000000080003680        0x8 build/kernel/src/components.o
 .text.rti_board_start
                0x0000000080003688        0x8 build/kernel/src/components.o
 .text.rti_board_end
                0x0000000080003690        0x8 build/kernel/src/components.o
 .text.rt_components_board_init
                0x0000000080003698       0x48 build/kernel/src/components.o
                0x0000000080003698                rt_components_board_init
 .text.rt_components_init
                0x00000000800036e0       0x48 build/kernel/src/components.o
                0x00000000800036e0                rt_components_init
 .text.main_thread_entry
                0x0000000080003728       0x18 build/kernel/src/components.o
                0x0000000080003728                main_thread_entry
 .text.rt_application_init
                0x0000000080003740       0x70 build/kernel/src/components.o
                0x0000000080003740                rt_application_init
 .text.rtthread_startup
                0x00000000800037b0       0x3c build/kernel/src/components.o
                0x00000000800037b0                rtthread_startup
 .text.entry    0x00000000800037ec       0x1c build/kernel/src/components.o
                0x00000000800037ec                entry
 .text.rt_interrupt_enter
                0x0000000080003808       0x44 build/kernel/src/irq.o
                0x0000000080003808                rt_interrupt_enter
 .text.rt_interrupt_leave
                0x000000008000384c       0x44 build/kernel/src/irq.o
                0x000000008000384c                rt_interrupt_leave
 .text.rt_interrupt_get_nest
                0x0000000080003890       0x30 build/kernel/src/irq.o
                0x0000000080003890                rt_interrupt_get_nest
 .text.rt_object_get_information
                0x00000000800038c0       0x3c build/kernel/src/object.o
                0x00000000800038c0                rt_object_get_information
 .text.rt_object_init
                0x00000000800038fc      0x114 build/kernel/src/object.o
                0x00000000800038fc                rt_object_init
 .text.rt_object_detach
                0x0000000080003a10       0x74 build/kernel/src/object.o
                0x0000000080003a10                rt_object_detach
 .text.rt_object_allocate
                0x0000000080003a84      0x128 build/kernel/src/object.o
                0x0000000080003a84                rt_object_allocate
 .text.rt_object_delete
                0x0000000080003bac       0x9c build/kernel/src/object.o
                0x0000000080003bac                rt_object_delete
 .text.rt_object_is_systemobject
                0x0000000080003c48       0x44 build/kernel/src/object.o
                0x0000000080003c48                rt_object_is_systemobject
 .text.rt_object_get_type
                0x0000000080003c8c       0x44 build/kernel/src/object.o
                0x0000000080003c8c                rt_object_get_type
 .text.rt_object_find
                0x0000000080003cd0       0xd4 build/kernel/src/object.o
                0x0000000080003cd0                rt_object_find
 .text._rt_timer_remove
                0x0000000080003da4       0x20 build/kernel/src/timer.o
 .text.rt_timer_init
                0x0000000080003dc4       0xac build/kernel/src/timer.o
                0x0000000080003dc4                rt_timer_init
 .text.rt_timer_detach
                0x0000000080003e70       0xc0 build/kernel/src/timer.o
                0x0000000080003e70                rt_timer_detach
 .text.rt_timer_start
                0x0000000080003f30      0x190 build/kernel/src/timer.o
                0x0000000080003f30                rt_timer_start
 .text.rt_timer_stop
                0x00000000800040c0       0xb8 build/kernel/src/timer.o
                0x00000000800040c0                rt_timer_stop
 .text.rt_timer_control
                0x0000000080004178       0xf8 build/kernel/src/timer.o
                0x0000000080004178                rt_timer_control
 .text.rt_timer_check
                0x0000000080004270      0x168 build/kernel/src/timer.o
                0x0000000080004270                rt_timer_check
 .text.rt_soft_timer_check
                0x00000000800043d8      0x18c build/kernel/src/timer.o
                0x00000000800043d8                rt_soft_timer_check
 .text.rt_thread_timer_entry
                0x0000000080004564       0x70 build/kernel/src/timer.o
 .text.rt_system_timer_init
                0x00000000800045d4       0x14 build/kernel/src/timer.o
                0x00000000800045d4                rt_system_timer_init
 .text.rt_system_timer_thread_init
                0x00000000800045e8       0x6c build/kernel/src/timer.o
                0x00000000800045e8                rt_system_timer_thread_init
 .text.rt_ipc_list_resume.isra.0
                0x0000000080004654        0x8 build/kernel/src/ipc.o
 .text.rt_ipc_list_suspend.isra.0
                0x000000008000465c       0xc8 build/kernel/src/ipc.o
 .text.rt_sem_init
                0x0000000080004724       0xa8 build/kernel/src/ipc.o
                0x0000000080004724                rt_sem_init
 .text.rt_sem_take
                0x00000000800047cc      0x1c0 build/kernel/src/ipc.o
                0x00000000800047cc                rt_sem_take
 .text.rt_sem_release
                0x000000008000498c       0xe8 build/kernel/src/ipc.o
                0x000000008000498c                rt_sem_release
 .text.rt_mutex_init
                0x0000000080004a74       0x80 build/kernel/src/ipc.o
                0x0000000080004a74                rt_mutex_init
 .text.rt_mutex_take
                0x0000000080004af4      0x22c build/kernel/src/ipc.o
                0x0000000080004af4                rt_mutex_take
 .text.rt_mutex_release
                0x0000000080004d20      0x200 build/kernel/src/ipc.o
                0x0000000080004d20                rt_mutex_release
 .text.print_number
                0x0000000080004f20      0x2d0 build/kernel/src/kservice.o
 .text.rt_set_errno
                0x00000000800051f0       0x40 build/kernel/src/kservice.o
                0x00000000800051f0                rt_set_errno
 .text.rt_memset
                0x0000000080005230       0xac build/kernel/src/kservice.o
                0x0000000080005230                rt_memset
 .text.rt_memcpy
                0x00000000800052dc       0xe0 build/kernel/src/kservice.o
                0x00000000800052dc                rt_memcpy
 .text.rt_memmove
                0x00000000800053bc       0x5c build/kernel/src/kservice.o
                0x00000000800053bc                rt_memmove
 .text.rt_memcmp
                0x0000000080005418       0x34 build/kernel/src/kservice.o
                0x0000000080005418                rt_memcmp
 .text.rt_strncpy
                0x000000008000544c       0x44 build/kernel/src/kservice.o
                0x000000008000544c                rt_strncpy
 .text.rt_strncmp
                0x0000000080005490       0x40 build/kernel/src/kservice.o
                0x0000000080005490                rt_strncmp
 .text.rt_strcmp
                0x00000000800054d0       0x24 build/kernel/src/kservice.o
                0x00000000800054d0                rt_strcmp
 .text.rt_strlen
                0x00000000800054f4       0x1c build/kernel/src/kservice.o
                0x00000000800054f4                rt_strlen
 .text.rt_strstr
                0x0000000080005510       0x84 build/kernel/src/kservice.o
                0x0000000080005510                rt_strstr
 .text.rt_strdup
                0x0000000080005594       0x4c build/kernel/src/kservice.o
                0x0000000080005594                rt_strdup
 .text.rt_vsnprintf
                0x00000000800055e0      0x510 build/kernel/src/kservice.o
                0x00000000800055e0                rt_vsnprintf
 .text.rt_snprintf
                0x0000000080005af0       0x34 build/kernel/src/kservice.o
                0x0000000080005af0                rt_snprintf
 .text.rt_vsprintf
                0x0000000080005b24       0x10 build/kernel/src/kservice.o
                0x0000000080005b24                rt_vsprintf
 .text.rt_sprintf
                0x0000000080005b34       0x38 build/kernel/src/kservice.o
                0x0000000080005b34                rt_sprintf
 .text.rt_console_get_device
                0x0000000080005b6c        0xc build/kernel/src/kservice.o
                0x0000000080005b6c                rt_console_get_device
 .text.rt_console_set_device
                0x0000000080005b78       0x70 build/kernel/src/kservice.o
                0x0000000080005b78                rt_console_set_device
 .text.rt_hw_console_output
                0x0000000080005be8        0x4 build/kernel/src/kservice.o
                0x0000000080005be8                rt_hw_console_output
 .text.rt_kprintf
                0x0000000080005bec       0xb0 build/kernel/src/kservice.o
                0x0000000080005bec                rt_kprintf
 .text.rt_show_version
                0x0000000080005c9c       0x54 build/kernel/src/kservice.o
                0x0000000080005c9c                rt_show_version
 .text.__rt_ffs
                0x0000000080005cf0       0x84 build/kernel/src/kservice.o
                0x0000000080005cf0                __rt_ffs
 .text.rt_assert_handler
                0x0000000080005d74       0x50 build/kernel/src/kservice.o
                0x0000000080005d74                rt_assert_handler
 .text.rt_hw_stack_init
                0x0000000080005dc4       0x58 /home/ddddddd/my_learn/cpu_relative/prog/src/rtthread/libcpu/risc-v/virt64/cpuport.o
                0x0000000080005dc4                rt_hw_stack_init
 .text.rt_hw_context_switch_interrupt
                0x0000000080005e1c       0x2c /home/ddddddd/my_learn/cpu_relative/prog/src/rtthread/libcpu/risc-v/virt64/cpuport.o
                0x0000000080005e1c                rt_hw_context_switch_interrupt
 .text.rt_hw_interrupt_handle
                0x0000000080005e48       0x28 /home/ddddddd/my_learn/cpu_relative/prog/src/rtthread/libcpu/risc-v/virt64/interrupt.o
 .text.rt_hw_interrupt_init
                0x0000000080005e70       0x2c /home/ddddddd/my_learn/cpu_relative/prog/src/rtthread/libcpu/risc-v/virt64/interrupt.o
                0x0000000080005e70                rt_hw_interrupt_init
 .text.rt_hw_interrupt_umask
                0x0000000080005e9c       0x34 /home/ddddddd/my_learn/cpu_relative/prog/src/rtthread/libcpu/risc-v/virt64/interrupt.o
                0x0000000080005e9c                rt_hw_interrupt_umask
 .text.rt_hw_interrupt_install
                0x0000000080005ed0       0x34 /home/ddddddd/my_learn/cpu_relative/prog/src/rtthread/libcpu/risc-v/virt64/interrupt.o
                0x0000000080005ed0                rt_hw_interrupt_install
 .text.dump_regs
                0x0000000080005f04      0x2c8 /home/ddddddd/my_learn/cpu_relative/prog/src/rtthread/libcpu/risc-v/virt64/interrupt.o
                0x0000000080005f04                dump_regs
 .text.handle_trap
                0x00000000800061cc      0x224 /home/ddddddd/my_learn/cpu_relative/prog/src/rtthread/libcpu/risc-v/virt64/interrupt.o
                0x00000000800061cc                handle_trap
 .text.tick_isr
                0x00000000800063f0       0x4c /home/ddddddd/my_learn/cpu_relative/prog/src/rtthread/libcpu/risc-v/virt64/tick.o
                0x00000000800063f0                tick_isr
 .text.rt_hw_tick_init
                0x000000008000643c       0x48 /home/ddddddd/my_learn/cpu_relative/prog/src/rtthread/libcpu/risc-v/virt64/tick.o
                0x000000008000643c                rt_hw_tick_init
 .text.entry    0x0000000080006484      0x10c /home/ddddddd/my_learn/cpu_relative/prog/src/rtthread/libcpu/risc-v/virt64/interrupt_gcc.o
                0x0000000080006484                trap_entry
 .text.msh_help
                0x0000000080006590       0xb0 build/kernel/components/finsh/msh.o
                0x0000000080006590                msh_help
 .text.cmd_ps   0x0000000080006640       0x1c build/kernel/components/finsh/msh.o
                0x0000000080006640                cmd_ps
 .text.cmd_free
                0x000000008000665c       0x1c build/kernel/components/finsh/msh.o
                0x000000008000665c                cmd_free
 .text.msh_is_used
                0x0000000080006678        0x8 build/kernel/components/finsh/msh.o
                0x0000000080006678                msh_is_used
 .text.msh_exec
                0x0000000080006680      0x29c build/kernel/components/finsh/msh.o
                0x0000000080006680                msh_exec
 .text.msh_auto_complete_path
                0x000000008000691c      0x274 build/kernel/components/finsh/msh.o
                0x000000008000691c                msh_auto_complete_path
 .text.msh_auto_complete
                0x0000000080006b90      0x1a0 build/kernel/components/finsh/msh.o
                0x0000000080006b90                msh_auto_complete
 .text.rt_list_len
                0x0000000080006d30       0x20 build/kernel/components/finsh/cmd.o
 .text.hello    0x0000000080006d50       0x24 build/kernel/components/finsh/cmd.o
                0x0000000080006d50                hello
 .text.clear    0x0000000080006d74       0x24 build/kernel/components/finsh/cmd.o
 .text.show_wait_queue
                0x0000000080006d98       0x74 build/kernel/components/finsh/cmd.o
 .text.version  0x0000000080006e0c       0x1c build/kernel/components/finsh/cmd.o
                0x0000000080006e0c                version
 .text.list     0x0000000080006e28       0xa4 build/kernel/components/finsh/cmd.o
                0x0000000080006e28                list
 .text.list_get_next
                0x0000000080006ecc       0xe0 build/kernel/components/finsh/cmd.o
 .text.object_split.constprop.0
                0x0000000080006fac       0x44 build/kernel/components/finsh/cmd.o
 .text.list_timer
                0x0000000080006ff0      0x164 build/kernel/components/finsh/cmd.o
                0x0000000080006ff0                list_timer
 .text.list_thread
                0x0000000080007154      0x24c build/kernel/components/finsh/cmd.o
                0x0000000080007154                list_thread
 .text.list_sem
                0x00000000800073a0      0x190 build/kernel/components/finsh/cmd.o
                0x00000000800073a0                list_sem
 .text.list_event
                0x0000000080007530      0x184 build/kernel/components/finsh/cmd.o
                0x0000000080007530                list_event
 .text.list_mutex
                0x00000000800076b4      0x130 build/kernel/components/finsh/cmd.o
                0x00000000800076b4                list_mutex
 .text.list_mailbox
                0x00000000800077e4      0x198 build/kernel/components/finsh/cmd.o
                0x00000000800077e4                list_mailbox
 .text.list_msgqueue
                0x000000008000797c      0x190 build/kernel/components/finsh/cmd.o
                0x000000008000797c                list_msgqueue
 .text.list_mempool
                0x0000000080007b0c      0x188 build/kernel/components/finsh/cmd.o
                0x0000000080007b0c                list_mempool
 .text.list_device
                0x0000000080007c94      0x15c build/kernel/components/finsh/cmd.o
                0x0000000080007c94                list_device
 .text.finsh_rx_ind
                0x0000000080007df0       0x50 build/kernel/components/finsh/shell.o
 .text.finsh_get_prompt
                0x0000000080007e40       0xd4 build/kernel/components/finsh/shell.o
                0x0000000080007e40                finsh_get_prompt
 .text.shell_handle_history.isra.0
                0x0000000080007f14       0x40 build/kernel/components/finsh/shell.o
 .text.finsh_set_prompt_mode
                0x0000000080007f54       0x6c build/kernel/components/finsh/shell.o
                0x0000000080007f54                finsh_set_prompt_mode
 .text.finsh_system_init
                0x0000000080007fc0       0xf0 build/kernel/components/finsh/shell.o
                0x0000000080007fc0                finsh_system_init
 .text.finsh_set_device
                0x00000000800080b0      0x108 build/kernel/components/finsh/shell.o
                0x00000000800080b0                finsh_set_device
 .text.finsh_thread_entry
                0x00000000800081b8      0x5bc build/kernel/components/finsh/shell.o
                0x00000000800081b8                finsh_thread_entry
 .text.cmd_ls   0x0000000080008774       0x34 build/kernel/components/finsh/msh_file.o
 .text.cmd_pwd  0x00000000800087a8       0x2c build/kernel/components/finsh/msh_file.o
 .text.directory_delete_for_msh
                0x00000000800087d4      0x244 build/kernel/components/finsh/msh_file.o
 .text.cmd_rm   0x0000000080008a18      0x1e8 build/kernel/components/finsh/msh_file.o
 .text.cmd_mkfs
                0x0000000080008c00       0x88 build/kernel/components/finsh/msh_file.o
 .text.cmd_mount
                0x0000000080008c88      0x10c build/kernel/components/finsh/msh_file.o
 .text.cmd_umount
                0x0000000080008d94       0x74 build/kernel/components/finsh/msh_file.o
 .text.cmd_tail
                0x0000000080008e08      0x1b8 build/kernel/components/finsh/msh_file.o
 .text.cmd_cp   0x0000000080008fc0       0x4c build/kernel/components/finsh/msh_file.o
 .text.cmd_mv   0x000000008000900c      0x13c build/kernel/components/finsh/msh_file.o
 .text.cmd_cat  0x0000000080009148       0x80 build/kernel/components/finsh/msh_file.o
 .text.cmd_cd   0x00000000800091c8       0x64 build/kernel/components/finsh/msh_file.o
 .text.cmd_mkdir
                0x000000008000922c       0x4c build/kernel/components/finsh/msh_file.o
 .text.cmd_df   0x0000000080009278       0x78 build/kernel/components/finsh/msh_file.o
 .text.cmd_echo
                0x00000000800092f0       0xb0 build/kernel/components/finsh/msh_file.o
 .text.msh_exec_script
                0x00000000800093a0      0x234 build/kernel/components/finsh/msh_file.o
                0x00000000800093a0                msh_exec_script
 .text.list_fd  0x00000000800095d4      0x1a0 build/kernel/components/dfs/src/dfs.o
                0x00000000800095d4                list_fd
 .text.dfs_init
                0x0000000080009774       0xe8 build/kernel/components/dfs/src/dfs.o
                0x0000000080009774                dfs_init
 .text.dfs_lock
                0x000000008000985c       0x6c build/kernel/components/dfs/src/dfs.o
                0x000000008000985c                dfs_lock
 .text.dfs_unlock
                0x00000000800098c8        0xc build/kernel/components/dfs/src/dfs.o
                0x00000000800098c8                dfs_unlock
 .text.fd_new   0x00000000800098d4      0x168 build/kernel/components/dfs/src/dfs.o
                0x00000000800098d4                fd_new
 .text.fd_get   0x0000000080009a3c       0x90 build/kernel/components/dfs/src/dfs.o
                0x0000000080009a3c                fd_get
 .text.fd_put   0x0000000080009acc       0xa8 build/kernel/components/dfs/src/dfs.o
                0x0000000080009acc                fd_put
 .text.dfs_subdir
                0x0000000080009b74       0x5c build/kernel/components/dfs/src/dfs.o
                0x0000000080009b74                dfs_subdir
 .text.dfs_normalize_path
                0x0000000080009bd0      0x1e8 build/kernel/components/dfs/src/dfs.o
                0x0000000080009bd0                dfs_normalize_path
 .text.fd_is_open
                0x0000000080009db8      0x118 build/kernel/components/dfs/src/dfs.o
                0x0000000080009db8                fd_is_open
 .text.mkdir    0x0000000080009ed0       0xa0 build/kernel/components/dfs/src/dfs_posix.o
                0x0000000080009ed0                mkdir
 .text.open     0x0000000080009f70       0xac build/kernel/components/dfs/src/dfs_posix.o
                0x0000000080009f70                open
 .text.close    0x000000008000a01c       0x68 build/kernel/components/dfs/src/dfs_posix.o
                0x000000008000a01c                close
 .text.read     0x000000008000a084       0x74 build/kernel/components/dfs/src/dfs_posix.o
                0x000000008000a084                read
 .text.write    0x000000008000a0f8       0x74 build/kernel/components/dfs/src/dfs_posix.o
                0x000000008000a0f8                write
 .text.lseek    0x000000008000a16c       0xb4 build/kernel/components/dfs/src/dfs_posix.o
                0x000000008000a16c                lseek
 .text.rename   0x000000008000a220       0x2c build/kernel/components/dfs/src/dfs_posix.o
                0x000000008000a220                rename
 .text.unlink   0x000000008000a24c       0x2c build/kernel/components/dfs/src/dfs_posix.o
                0x000000008000a24c                unlink
 .text.stat     0x000000008000a278       0x2c build/kernel/components/dfs/src/dfs_posix.o
                0x000000008000a278                stat
 .text.opendir  0x000000008000a2a4       0xc4 build/kernel/components/dfs/src/dfs_posix.o
                0x000000008000a2a4                opendir
 .text.readdir  0x000000008000a368       0xc8 build/kernel/components/dfs/src/dfs_posix.o
                0x000000008000a368                readdir
 .text.rewinddir
                0x000000008000a430       0x68 build/kernel/components/dfs/src/dfs_posix.o
                0x000000008000a430                rewinddir
 .text.closedir
                0x000000008000a498       0x7c build/kernel/components/dfs/src/dfs_posix.o
                0x000000008000a498                closedir
 .text.chdir    0x000000008000a514       0xb8 build/kernel/components/dfs/src/dfs_posix.o
                0x000000008000a514                chdir
 .text.getcwd   0x000000008000a5cc       0x44 build/kernel/components/dfs/src/dfs_posix.o
                0x000000008000a5cc                getcwd
 .text.dfs_register
                0x000000008000a610       0xd8 build/kernel/components/dfs/src/dfs_fs.o
                0x000000008000a610                dfs_register
 .text.dfs_filesystem_lookup
                0x000000008000a6e8      0x128 build/kernel/components/dfs/src/dfs_fs.o
                0x000000008000a6e8                dfs_filesystem_lookup
 .text.dfs_mount
                0x000000008000a810      0x280 build/kernel/components/dfs/src/dfs_fs.o
                0x000000008000a810                dfs_mount
 .text.dfs_unmount
                0x000000008000aa90       0xe4 build/kernel/components/dfs/src/dfs_fs.o
                0x000000008000aa90                dfs_unmount
 .text.dfs_mkfs
                0x000000008000ab74      0x15c build/kernel/components/dfs/src/dfs_fs.o
                0x000000008000ab74                dfs_mkfs
 .text.mkfs     0x000000008000acd0        0x4 build/kernel/components/dfs/src/dfs_fs.o
                0x000000008000acd0                mkfs
 .text.dfs_statfs
                0x000000008000acd4       0x40 build/kernel/components/dfs/src/dfs_fs.o
                0x000000008000acd4                dfs_statfs
 .text.df       0x000000008000ad14      0x110 build/kernel/components/dfs/src/dfs_fs.o
                0x000000008000ad14                df
 .text.dfs_file_open
                0x000000008000ae24      0x15c build/kernel/components/dfs/src/dfs_file.o
                0x000000008000ae24                dfs_file_open
 .text.dfs_file_close
                0x000000008000af80       0x60 build/kernel/components/dfs/src/dfs_file.o
                0x000000008000af80                dfs_file_close
 .text.dfs_file_read
                0x000000008000afe0       0x60 build/kernel/components/dfs/src/dfs_file.o
                0x000000008000afe0                dfs_file_read
 .text.cat      0x000000008000b040       0xac build/kernel/components/dfs/src/dfs_file.o
                0x000000008000b040                cat
 .text.dfs_file_getdents
                0x000000008000b0ec       0x34 build/kernel/components/dfs/src/dfs_file.o
                0x000000008000b0ec                dfs_file_getdents
 .text.dfs_file_unlink
                0x000000008000b120       0xe4 build/kernel/components/dfs/src/dfs_file.o
                0x000000008000b120                dfs_file_unlink
 .text.rm       0x000000008000b204       0x38 build/kernel/components/dfs/src/dfs_file.o
                0x000000008000b204                rm
 .text.dfs_file_write
                0x000000008000b23c       0x24 build/kernel/components/dfs/src/dfs_file.o
                0x000000008000b23c                dfs_file_write
 .text.copyfile
                0x000000008000b260      0x12c build/kernel/components/dfs/src/dfs_file.o
 .text.dfs_file_lseek
                0x000000008000b38c       0x54 build/kernel/components/dfs/src/dfs_file.o
                0x000000008000b38c                dfs_file_lseek
 .text.dfs_file_stat
                0x000000008000b3e0      0x164 build/kernel/components/dfs/src/dfs_file.o
                0x000000008000b3e0                dfs_file_stat
 .text.ls       0x000000008000b544      0x1ac build/kernel/components/dfs/src/dfs_file.o
                0x000000008000b544                ls
 .text.copydir  0x000000008000b6f0      0x1c0 build/kernel/components/dfs/src/dfs_file.o
 .text.copy     0x000000008000b8b0      0x18c build/kernel/components/dfs/src/dfs_file.o
                0x000000008000b8b0                copy
 .text.dfs_file_rename
                0x000000008000ba3c       0xfc build/kernel/components/dfs/src/dfs_file.o
                0x000000008000ba3c                dfs_file_rename
 .text.dfs_device_fs_mount
                0x000000008000bb38        0x8 build/kernel/components/dfs/filesystems/devfs/devfs.o
                0x000000008000bb38                dfs_device_fs_mount
 .text.dfs_device_fs_poll
                0x000000008000bb40        0x8 build/kernel/components/dfs/filesystems/devfs/devfs.o
 .text.dfs_device_fs_ioctl
                0x000000008000bb48       0x88 build/kernel/components/dfs/filesystems/devfs/devfs.o
                0x000000008000bb48                dfs_device_fs_ioctl
 .text.dfs_device_fs_read
                0x000000008000bbd0       0xa0 build/kernel/components/dfs/filesystems/devfs/devfs.o
                0x000000008000bbd0                dfs_device_fs_read
 .text.dfs_device_fs_write
                0x000000008000bc70       0xa0 build/kernel/components/dfs/filesystems/devfs/devfs.o
                0x000000008000bc70                dfs_device_fs_write
 .text.dfs_device_fs_close
                0x000000008000bd10       0xb4 build/kernel/components/dfs/filesystems/devfs/devfs.o
                0x000000008000bd10                dfs_device_fs_close
 .text.dfs_device_fs_stat
                0x000000008000bdc4       0xa4 build/kernel/components/dfs/filesystems/devfs/devfs.o
                0x000000008000bdc4                dfs_device_fs_stat
 .text.dfs_device_fs_open
                0x000000008000be68      0x158 build/kernel/components/dfs/filesystems/devfs/devfs.o
                0x000000008000be68                dfs_device_fs_open
 .text.dfs_device_fs_getdents
                0x000000008000bfc0      0x108 build/kernel/components/dfs/filesystems/devfs/devfs.o
                0x000000008000bfc0                dfs_device_fs_getdents
 .text.devfs_init
                0x000000008000c0c8       0x24 build/kernel/components/dfs/filesystems/devfs/devfs.o
                0x000000008000c0c8                devfs_init
 .text.dfs_romfs_mount
                0x000000008000c0ec       0x18 build/kernel/components/dfs/filesystems/romfs/dfs_romfs.o
                0x000000008000c0ec                dfs_romfs_mount
 .text.dfs_romfs_unmount
                0x000000008000c104        0x8 build/kernel/components/dfs/filesystems/romfs/dfs_romfs.o
                0x000000008000c104                dfs_romfs_unmount
 .text.dfs_romfs_ioctl
                0x000000008000c10c        0x8 build/kernel/components/dfs/filesystems/romfs/dfs_romfs.o
                0x000000008000c10c                dfs_romfs_ioctl
 .text.check_dirent
                0x000000008000c114       0x28 build/kernel/components/dfs/filesystems/romfs/dfs_romfs.o
 .text.dfs_romfs_lseek
                0x000000008000c13c       0x1c build/kernel/components/dfs/filesystems/romfs/dfs_romfs.o
                0x000000008000c13c                dfs_romfs_lseek
 .text.dfs_romfs_close
                0x000000008000c158        0xc build/kernel/components/dfs/filesystems/romfs/dfs_romfs.o
                0x000000008000c158                dfs_romfs_close
 .text.dfs_romfs_read
                0x000000008000c164       0xb8 build/kernel/components/dfs/filesystems/romfs/dfs_romfs.o
                0x000000008000c164                dfs_romfs_read
 .text.dfs_romfs_getdents
                0x000000008000c21c      0x148 build/kernel/components/dfs/filesystems/romfs/dfs_romfs.o
                0x000000008000c21c                dfs_romfs_getdents
 .text.dfs_romfs_init
                0x000000008000c364       0x24 build/kernel/components/dfs/filesystems/romfs/dfs_romfs.o
                0x000000008000c364                dfs_romfs_init
 .text.dfs_romfs_lookup
                0x000000008000c388      0x16c build/kernel/components/dfs/filesystems/romfs/dfs_romfs.o
                0x000000008000c388                dfs_romfs_lookup
 .text.dfs_romfs_open
                0x000000008000c4f4       0xac build/kernel/components/dfs/filesystems/romfs/dfs_romfs.o
                0x000000008000c4f4                dfs_romfs_open
 .text.dfs_romfs_stat
                0x000000008000c5a0       0x70 build/kernel/components/dfs/filesystems/romfs/dfs_romfs.o
                0x000000008000c5a0                dfs_romfs_stat
 .text.rt_serial_control
                0x000000008000c610      0x114 build/kernel/components/drivers/serial/serial.o
 .text._serial_fifo_calc_recved_len
                0x000000008000c724       0x98 build/kernel/components/drivers/serial/serial.o
 .text.rt_serial_init
                0x000000008000c7bc       0x6c build/kernel/components/drivers/serial/serial.o
 .text.rt_serial_open
                0x000000008000c828      0x36c build/kernel/components/drivers/serial/serial.o
 .text.rt_serial_write
                0x000000008000cb94      0x1e4 build/kernel/components/drivers/serial/serial.o
 .text.rt_serial_read
                0x000000008000cd78      0x37c build/kernel/components/drivers/serial/serial.o
 .text.rt_serial_close
                0x000000008000d0f4      0x1f0 build/kernel/components/drivers/serial/serial.o
 .text._serial_check_buffer_size
                0x000000008000d2e4       0x58 build/kernel/components/drivers/serial/serial.o
 .text.rt_hw_serial_register
                0x000000008000d33c       0xc8 build/kernel/components/drivers/serial/serial.o
                0x000000008000d33c                rt_hw_serial_register
 .text.rt_hw_serial_isr
                0x000000008000d404      0x37c build/kernel/components/drivers/serial/serial.o
                0x000000008000d404                rt_hw_serial_isr
 .text.rt_completion_init
                0x000000008000d780       0x50 build/kernel/components/drivers/src/completion.o
                0x000000008000d780                rt_completion_init
 .text.rt_completion_wait
                0x000000008000d7d0      0x168 build/kernel/components/drivers/src/completion.o
                0x000000008000d7d0                rt_completion_wait
 .text.rt_completion_done
                0x000000008000d938       0xb0 build/kernel/components/drivers/src/completion.o
                0x000000008000d938                rt_completion_done
 .text.rt_data_queue_init
                0x000000008000d9e8       0xd0 build/kernel/components/drivers/src/dataqueue.o
                0x000000008000d9e8                rt_data_queue_init
 .text.rt_data_queue_push
                0x000000008000dab8      0x28c build/kernel/components/drivers/src/dataqueue.o
                0x000000008000dab8                rt_data_queue_push
 .text.rt_data_queue_peek
                0x000000008000dd44       0xec build/kernel/components/drivers/src/dataqueue.o
                0x000000008000dd44                rt_data_queue_peek
 .text.rt_data_queue_reset
                0x000000008000de30       0xfc build/kernel/components/drivers/src/dataqueue.o
                0x000000008000de30                rt_data_queue_reset
 .text.rt_data_queue_deinit
                0x000000008000df2c       0x84 build/kernel/components/drivers/src/dataqueue.o
                0x000000008000df2c                rt_data_queue_deinit
 .text.rt_data_queue_len
                0x000000008000dfb0       0xd4 build/kernel/components/drivers/src/dataqueue.o
                0x000000008000dfb0                rt_data_queue_len
 .text.rt_data_queue_pop
                0x000000008000e084      0x324 build/kernel/components/drivers/src/dataqueue.o
                0x000000008000e084                rt_data_queue_pop
 .text.rt_pin_mode
                0x000000008000e3a8       0x74 build/kernel/components/drivers/misc/pin.o
                0x000000008000e3a8                rt_pin_mode
 .text.rt_pin_write
                0x000000008000e41c       0x74 build/kernel/components/drivers/misc/pin.o
                0x000000008000e41c                rt_pin_write
 .text.rt_pin_read
                0x000000008000e490       0x64 build/kernel/components/drivers/misc/pin.o
                0x000000008000e490                rt_pin_read
 .text.rt_pin_get
                0x000000008000e4f4       0x9c build/kernel/components/drivers/misc/pin.o
                0x000000008000e4f4                rt_pin_get
 *(.rodata)
 *(.rodata*)
 .rodata.uart_configure.str1.8
                0x000000008000e590       0x12 build/applications/uart_util.o
 *fill*         0x000000008000e5a2        0x6 
 .rodata.uart_control.str1.8
                0x000000008000e5a8       0x10 build/applications/uart_util.o
 .rodata.hw_uart_init.str1.8
                0x000000008000e5b8        0x5 build/applications/uart_util.o
 *fill*         0x000000008000e5bd        0x3 
 .rodata.__FUNCTION__.0
                0x000000008000e5c0        0xf build/applications/uart_util.o
 *fill*         0x000000008000e5cf        0x1 
 .rodata.__FUNCTION__.1
                0x000000008000e5d0        0xd build/applications/uart_util.o
 *fill*         0x000000008000e5dd        0x3 
 .rodata.uart_ops
                0x000000008000e5e0       0x28 build/applications/uart_util.o
                0x000000008000e5e0                uart_ops
 .rodata.chassis_motor_rx
                0x000000008000e608       0x10 build/applications/motor_periph.o
 .rodata.chassis_motor_tx
                0x000000008000e618       0x10 build/applications/motor_periph.o
 .rodata.thread_sample.str1.8
                0x000000008000e628       0x40 build/applications/main.o
 .rodata.main.str1.8
                0x000000008000e668        0xf build/applications/main.o
 *fill*         0x000000008000e677        0x1 
 .rodata.remote_decode.str1.8
                0x000000008000e678        0x6 build/applications/remote_periph.o
                                          0xa (size before relaxing)
 *fill*         0x000000008000e67e        0x2 
 .rodata.plic_claim.str1.8
                0x000000008000e680        0xa build/driver/plic.o
 *fill*         0x000000008000e68a        0x6 
 .rodata.rt_hw_board_init.str1.8
                0x000000008000e690       0x19 build/driver/board.o
                                         0x21 (size before relaxing)
 *fill*         0x000000008000e6a9        0x7 
 .rodata.name   0x000000008000e6b0       0x1d build/driver/board.o
                0x000000008000e6b0                __fsym___cmd_reboot_desc
                0x000000008000e6c0                __fsym___cmd_reboot_name
 .rodata.rt_uart_configure.str1.8
                0x000000008000e6cd       0x12 build/driver/drv_uart.o
 .rodata.uart_control.str1.8
                0x000000008000e6cd       0x10 build/driver/drv_uart.o
 .rodata.rt_hw_uart_init.str1.8
                0x000000008000e6cd        0x5 build/driver/drv_uart.o
 *fill*         0x000000008000e6cd        0x3 
 .rodata.__FUNCTION__.0
                0x000000008000e6d0       0x12 build/driver/drv_uart.o
 *fill*         0x000000008000e6e2        0x6 
 .rodata.__FUNCTION__.1
                0x000000008000e6e8        0xd build/driver/drv_uart.o
 *fill*         0x000000008000e6f5        0x3 
 .rodata._uart_ops
                0x000000008000e6f8       0x28 build/driver/drv_uart.o
                0x000000008000e6f8                _uart_ops
 .rodata.rt_device_unregister.str1.8
                0x000000008000e720       0x78 build/kernel/src/device.o
 .rodata.rt_device_init.str1.8
                0x000000008000e798       0x36 build/kernel/src/device.o
 *fill*         0x000000008000e7ce        0x2 
 .rodata.rt_device_open.str1.8
                0x000000008000e7d0       0x14 build/kernel/src/device.o
 *fill*         0x000000008000e7e4        0x4 
 .rodata.__FUNCTION__.1
                0x000000008000e7e8       0x1a build/kernel/src/device.o
 *fill*         0x000000008000e802        0x6 
 .rodata.__FUNCTION__.2
                0x000000008000e808       0x12 build/kernel/src/device.o
 *fill*         0x000000008000e81a        0x6 
 .rodata.__FUNCTION__.3
                0x000000008000e820       0x10 build/kernel/src/device.o
 .rodata.__FUNCTION__.4
                0x000000008000e830        0xf build/kernel/src/device.o
 *fill*         0x000000008000e83f        0x1 
 .rodata.__FUNCTION__.5
                0x000000008000e840       0x10 build/kernel/src/device.o
 .rodata.__FUNCTION__.6
                0x000000008000e850        0xf build/kernel/src/device.o
 *fill*         0x000000008000e85f        0x1 
 .rodata._rt_thread_init.constprop.0.str1.8
                0x000000008000e860       0x22 build/kernel/src/thread.o
 *fill*         0x000000008000e882        0x6 
 .rodata.rt_thread_timeout.str1.8
                0x000000008000e888       0x9a build/kernel/src/thread.o
 *fill*         0x000000008000e922        0x6 
 .rodata.rt_thread_init.str1.8
                0x000000008000e928       0x17 build/kernel/src/thread.o
 *fill*         0x000000008000e93f        0x1 
 .rodata.rt_thread_detach.str1.8
                0x000000008000e940       0x2f build/kernel/src/thread.o
 *fill*         0x000000008000e96f        0x1 
 .rodata.rt_thread_create.str1.8
                0x000000008000e970        0x6 build/kernel/src/thread.o
 *fill*         0x000000008000e976        0x2 
 .rodata.rt_thread_delete.str1.8
                0x000000008000e978       0x3b build/kernel/src/thread.o
 *fill*         0x000000008000e9b3        0x5 
 .rodata.rt_thread_suspend.str1.8
                0x000000008000e9b8       0x1b build/kernel/src/thread.o
 *fill*         0x000000008000e9d3        0x5 
 .rodata.rt_thread_startup.str1.8
                0x000000008000e9d8       0x37 build/kernel/src/thread.o
 *fill*         0x000000008000ea0f        0x1 
 .rodata.__FUNCTION__.0
                0x000000008000ea10       0x12 build/kernel/src/thread.o
 *fill*         0x000000008000ea22        0x6 
 .rodata.__FUNCTION__.1
                0x000000008000ea28       0x11 build/kernel/src/thread.o
 *fill*         0x000000008000ea39        0x7 
 .rodata.__FUNCTION__.10
                0x000000008000ea40        0xf build/kernel/src/thread.o
 *fill*         0x000000008000ea4f        0x1 
 .rodata.__FUNCTION__.2
                0x000000008000ea50       0x12 build/kernel/src/thread.o
 *fill*         0x000000008000ea62        0x6 
 .rodata.__FUNCTION__.3
                0x000000008000ea68       0x12 build/kernel/src/thread.o
 *fill*         0x000000008000ea7a        0x6 
 .rodata.__FUNCTION__.5
                0x000000008000ea80       0x10 build/kernel/src/thread.o
 .rodata.__FUNCTION__.6
                0x000000008000ea90       0x11 build/kernel/src/thread.o
 *fill*         0x000000008000eaa1        0x7 
 .rodata.__FUNCTION__.7
                0x000000008000eaa8       0x11 build/kernel/src/thread.o
 *fill*         0x000000008000eab9        0x7 
 .rodata.__FUNCTION__.8
                0x000000008000eac0       0x12 build/kernel/src/thread.o
 *fill*         0x000000008000ead2        0x6 
 .rodata.__FUNCTION__.9
                0x000000008000ead8       0x10 build/kernel/src/thread.o
 .rodata.list_mem.str1.8
                0x000000008000eae8       0x4e build/kernel/src/mem.o
 *fill*         0x000000008000eb36        0x2 
 .rodata.memtrace.str1.8
                0x000000008000eb38       0xbf build/kernel/src/mem.o
                                         0xc2 (size before relaxing)
 *fill*         0x000000008000ebf7        0x1 
 .rodata.plug_holes.str1.8
                0x000000008000ebf8       0x5f build/kernel/src/mem.o
 *fill*         0x000000008000ec57        0x1 
 .rodata.memcheck.str1.8
                0x000000008000ec58       0x64 build/kernel/src/mem.o
 *fill*         0x000000008000ecbc        0x4 
 .rodata.rt_system_heap_init.str1.8
                0x000000008000ecc0       0x7a build/kernel/src/mem.o
 *fill*         0x000000008000ed3a        0x6 
 .rodata.rt_malloc.str1.8
                0x000000008000ed40       0xdb build/kernel/src/mem.o
 *fill*         0x000000008000ee1b        0x5 
 .rodata.rt_free.str1.8
                0x000000008000ee20      0x109 build/kernel/src/mem.o
 *fill*         0x000000008000ef29        0x7 
 .rodata.__FUNCTION__.1
                0x000000008000ef30        0xb build/kernel/src/mem.o
 *fill*         0x000000008000ef3b        0x5 
 .rodata.__FUNCTION__.2
                0x000000008000ef40        0xb build/kernel/src/mem.o
 *fill*         0x000000008000ef4b        0x5 
 .rodata.__FUNCTION__.3
                0x000000008000ef50        0xa build/kernel/src/mem.o
 *fill*         0x000000008000ef5a        0x6 
 .rodata.__FUNCTION__.4
                0x000000008000ef60       0x14 build/kernel/src/mem.o
 *fill*         0x000000008000ef74        0x4 
 .rodata.name   0x000000008000ef78       0x81 build/kernel/src/mem.o
                0x000000008000ef78                __fsym___cmd_memtrace_desc
                0x000000008000ef98                __fsym___cmd_memtrace_name
                0x000000008000efa8                __fsym___cmd_memcheck_desc
                0x000000008000efc0                __fsym___cmd_memcheck_name
                0x000000008000efd0                __fsym_list_mem_desc
                0x000000008000eff0                __fsym_list_mem_name
 .rodata.rt_schedule_insert_thread.str1.8
                0x000000008000eff9       0x12 build/kernel/src/scheduler.o
 *fill*         0x000000008000eff9        0x7 
 .rodata.__FUNCTION__.0
                0x000000008000f000       0x1a build/kernel/src/scheduler.o
 *fill*         0x000000008000f01a        0x6 
 .rodata.__FUNCTION__.1
                0x000000008000f020       0x1a build/kernel/src/scheduler.o
 .rodata.rt_thread_idle_entry.str1.8
                0x000000008000f03a       0x2a build/kernel/src/idle.o
 *fill*         0x000000008000f03a        0x6 
 .rodata.rt_thread_idle_init.str1.8
                0x000000008000f040        0x8 build/kernel/src/idle.o
 .rodata.__FUNCTION__.0
                0x000000008000f048       0x13 build/kernel/src/idle.o
 *fill*         0x000000008000f05b        0x5 
 .rodata.rt_application_init.str1.8
                0x000000008000f060       0x27 build/kernel/src/components.o
 *fill*         0x000000008000f087        0x1 
 .rodata.__FUNCTION__.0
                0x000000008000f088       0x14 build/kernel/src/components.o
 *fill*         0x000000008000f09c        0x4 
 .rodata.rt_object_init.str1.8
                0x000000008000f0a0       0x26 build/kernel/src/object.o
 *fill*         0x000000008000f0c6        0x2 
 .rodata.rt_object_detach.str1.8
                0x000000008000f0c8       0x12 build/kernel/src/object.o
 *fill*         0x000000008000f0da        0x6 
 .rodata.rt_object_allocate.str1.8
                0x000000008000f0e0        0xb build/kernel/src/object.o
                                         0x3b (size before relaxing)
 *fill*         0x000000008000f0eb        0x5 
 .rodata.rt_object_delete.str1.8
                0x000000008000f0f0       0x29 build/kernel/src/object.o
 *fill*         0x000000008000f119        0x7 
 .rodata.__FUNCTION__.0
                0x000000008000f120        0xf build/kernel/src/object.o
 *fill*         0x000000008000f12f        0x1 
 .rodata.__FUNCTION__.1
                0x000000008000f130       0x13 build/kernel/src/object.o
 *fill*         0x000000008000f143        0x5 
 .rodata.__FUNCTION__.2
                0x000000008000f148       0x1a build/kernel/src/object.o
 *fill*         0x000000008000f162        0x6 
 .rodata.__FUNCTION__.3
                0x000000008000f168       0x11 build/kernel/src/object.o
 *fill*         0x000000008000f179        0x7 
 .rodata.__FUNCTION__.4
                0x000000008000f180       0x13 build/kernel/src/object.o
 *fill*         0x000000008000f193        0x5 
 .rodata.__FUNCTION__.5
                0x000000008000f198       0x11 build/kernel/src/object.o
 *fill*         0x000000008000f1a9        0x7 
 .rodata.__FUNCTION__.6
                0x000000008000f1b0        0xf build/kernel/src/object.o
 *fill*         0x000000008000f1bf        0x1 
 .rodata.rt_timer_init.str1.8
                0x000000008000f1c0       0x11 build/kernel/src/timer.o
 *fill*         0x000000008000f1d1        0x7 
 .rodata.rt_timer_detach.str1.8
                0x000000008000f1d8       0x6a build/kernel/src/timer.o
 *fill*         0x000000008000f242        0x6 
 .rodata.rt_timer_start.str1.8
                0x000000008000f248       0x23 build/kernel/src/timer.o
 *fill*         0x000000008000f26b        0x1 
 .rodata.rt_timer_control
                0x000000008000f26c       0x14 build/kernel/src/timer.o
 .rodata.rt_system_timer_thread_init.str1.8
                0x000000008000f280        0x6 build/kernel/src/timer.o
 *fill*         0x000000008000f286        0x2 
 .rodata.__FUNCTION__.0
                0x000000008000f288       0x11 build/kernel/src/timer.o
 *fill*         0x000000008000f299        0x7 
 .rodata.__FUNCTION__.1
                0x000000008000f2a0        0xe build/kernel/src/timer.o
 *fill*         0x000000008000f2ae        0x2 
 .rodata.__FUNCTION__.3
                0x000000008000f2b0        0xf build/kernel/src/timer.o
 *fill*         0x000000008000f2bf        0x1 
 .rodata.__FUNCTION__.5
                0x000000008000f2c0       0x10 build/kernel/src/timer.o
 .rodata.__FUNCTION__.6
                0x000000008000f2d0        0xe build/kernel/src/timer.o
 .rodata.rt_ipc_list_suspend.isra.0.str1.8
                0x000000008000f2de        0x2 build/kernel/src/ipc.o
 *fill*         0x000000008000f2de        0x2 
 .rodata.rt_sem_init.str1.8
                0x000000008000f2e0       0x21 build/kernel/src/ipc.o
 *fill*         0x000000008000f301        0x7 
 .rodata.rt_sem_detach.str1.8
                0x000000008000f308       0x77 build/kernel/src/ipc.o
 .rodata.rt_sem_create.str1.8
                0x000000008000f37f       0x27 build/kernel/src/ipc.o
 *fill*         0x000000008000f37f        0x1 
 .rodata.rt_sem_take.str1.8
                0x000000008000f380       0x37 build/kernel/src/ipc.o
 *fill*         0x000000008000f3b7        0x1 
 .rodata.rt_mutex_init.str1.8
                0x000000008000f3b8       0x11 build/kernel/src/ipc.o
 *fill*         0x000000008000f3c9        0x7 
 .rodata.rt_mutex_detach.str1.8
                0x000000008000f3d0       0x79 build/kernel/src/ipc.o
 *fill*         0x000000008000f449        0x7 
 .rodata.__FUNCTION__.24
                0x000000008000f450       0x11 build/kernel/src/ipc.o
 *fill*         0x000000008000f461        0x7 
 .rodata.__FUNCTION__.25
                0x000000008000f468        0xe build/kernel/src/ipc.o
 *fill*         0x000000008000f476        0x2 
 .rodata.__FUNCTION__.29
                0x000000008000f478        0xe build/kernel/src/ipc.o
 *fill*         0x000000008000f486        0x2 
 .rodata.__FUNCTION__.31
                0x000000008000f488        0xf build/kernel/src/ipc.o
 *fill*         0x000000008000f497        0x1 
 .rodata.__FUNCTION__.32
                0x000000008000f498       0x14 build/kernel/src/ipc.o
 *fill*         0x000000008000f4ac        0x4 
 .rodata.__FUNCTION__.33
                0x000000008000f4b0        0xc build/kernel/src/ipc.o
 *fill*         0x000000008000f4bc        0x4 
 .rodata.__FUNCTION__.37
                0x000000008000f4c0        0xc build/kernel/src/ipc.o
 *fill*         0x000000008000f4cc        0x4 
 .rodata.rt_vsnprintf.str1.8
                0x000000008000f4d0        0x7 build/kernel/src/kservice.o
 *fill*         0x000000008000f4d7        0x1 
 .rodata.rt_vsnprintf
                0x000000008000f4d8       0x58 build/kernel/src/kservice.o
 .rodata.rt_show_version.str1.8
                0x000000008000f530       0x92 build/kernel/src/kservice.o
 *fill*         0x000000008000f5c2        0x6 
 .rodata.rt_assert_handler.str1.8
                0x000000008000f5c8       0x37 build/kernel/src/kservice.o
 *fill*         0x000000008000f5ff        0x1 
 .rodata.__lowest_bit_bitmap
                0x000000008000f600      0x100 build/kernel/src/kservice.o
                0x000000008000f600                __lowest_bit_bitmap
 .rodata.large_digits.2
                0x000000008000f700       0x11 build/kernel/src/kservice.o
 *fill*         0x000000008000f711        0x7 
 .rodata.small_digits.1
                0x000000008000f718       0x11 build/kernel/src/kservice.o
 *fill*         0x000000008000f729        0x7 
 .rodata.rt_hw_interrupt_handle.str1.8
                0x000000008000f730       0x25 /home/ddddddd/my_learn/cpu_relative/prog/src/rtthread/libcpu/risc-v/virt64/interrupt.o
 *fill*         0x000000008000f755        0x3 
 .rodata.dump_regs.str1.8
                0x000000008000f758      0x497 /home/ddddddd/my_learn/cpu_relative/prog/src/rtthread/libcpu/risc-v/virt64/interrupt.o
 *fill*         0x000000008000fbef        0x1 
 .rodata.handle_trap.str1.8
                0x000000008000fbf0      0x1fe /home/ddddddd/my_learn/cpu_relative/prog/src/rtthread/libcpu/risc-v/virt64/interrupt.o
                                        0x206 (size before relaxing)
 *fill*         0x000000008000fdee        0x2 
 .rodata.handle_trap
                0x000000008000fdf0       0x54 /home/ddddddd/my_learn/cpu_relative/prog/src/rtthread/libcpu/risc-v/virt64/interrupt.o
 *fill*         0x000000008000fe44        0x4 
 .rodata.str1.8
                0x000000008000fe48       0x82 /home/ddddddd/my_learn/cpu_relative/prog/src/rtthread/libcpu/risc-v/virt64/interrupt.o
 *fill*         0x000000008000feca        0x6 
 .rodata.CSWTCH.17
                0x000000008000fed0       0x50 /home/ddddddd/my_learn/cpu_relative/prog/src/rtthread/libcpu/risc-v/virt64/interrupt.o
 .rodata.msh_help.str1.8
                0x000000008000ff20       0x34 build/kernel/components/finsh/msh.o
                                         0x3a (size before relaxing)
 *fill*         0x000000008000ff54        0x4 
 .rodata.msh_exec.str1.8
                0x000000008000ff58       0x40 build/kernel/components/finsh/msh.o
 .rodata.msh_auto_complete_path.str1.8
                0x000000008000ff98        0x2 build/kernel/components/finsh/msh.o
                                          0xc (size before relaxing)
 *fill*         0x000000008000ff9a        0x6 
 .rodata.name   0x000000008000ffa0       0x8b build/kernel/components/finsh/msh.o
                0x000000008000ffa0                __fsym___cmd_free_desc
                0x000000008000ffc8                __fsym___cmd_free_name
                0x000000008000ffd8                __fsym___cmd_ps_desc
                0x000000008000fff8                __fsym___cmd_ps_name
                0x0000000080010008                __fsym___cmd_help_desc
                0x0000000080010020                __fsym___cmd_help_name
 *fill*         0x000000008001002b        0x5 
 .rodata.hello.str1.8
                0x0000000080010030       0x12 build/kernel/components/finsh/cmd.o
 *fill*         0x0000000080010042        0x6 
 .rodata.clear.str1.8
                0x0000000080010048        0x8 build/kernel/components/finsh/cmd.o
 .rodata.show_wait_queue.str1.8
                0x0000000080010050        0x3 build/kernel/components/finsh/cmd.o
                                          0xa (size before relaxing)
 *fill*         0x0000000080010053        0x5 
 .rodata.list.str1.8
                0x0000000080010058       0x2d build/kernel/components/finsh/cmd.o
 *fill*         0x0000000080010085        0x3 
 .rodata.object_split.constprop.0.str1.8
                0x0000000080010088        0x2 build/kernel/components/finsh/cmd.o
 *fill*         0x000000008001008a        0x6 
 .rodata.list_timer.str1.8
                0x0000000080010090       0x9d build/kernel/components/finsh/cmd.o
                                         0xa5 (size before relaxing)
 *fill*         0x000000008001012d        0x3 
 .rodata.list_thread.str1.8
                0x0000000080010130      0x118 build/kernel/components/finsh/cmd.o
 .rodata.list_sem.str1.8
                0x0000000080010248       0x68 build/kernel/components/finsh/cmd.o
                                         0x70 (size before relaxing)
 .rodata.list_event.str1.8
                0x00000000800102b0       0x7a build/kernel/components/finsh/cmd.o
 *fill*         0x000000008001032a        0x6 
 .rodata.list_mutex.str1.8
                0x0000000080010330       0x67 build/kernel/components/finsh/cmd.o
 *fill*         0x0000000080010397        0x1 
 .rodata.list_mailbox.str1.8
                0x0000000080010398       0x7e build/kernel/components/finsh/cmd.o
 *fill*         0x0000000080010416        0x2 
 .rodata.list_msgqueue.str1.8
                0x0000000080010418       0x71 build/kernel/components/finsh/cmd.o
 *fill*         0x0000000080010489        0x7 
 .rodata.list_mempool.str1.8
                0x0000000080010490       0x94 build/kernel/components/finsh/cmd.o
 *fill*         0x0000000080010524        0x4 
 .rodata.list_device.str1.8
                0x0000000080010528       0x73 build/kernel/components/finsh/cmd.o
 *fill*         0x000000008001059b        0x5 
 .rodata.str1.8
                0x00000000800105a0      0x163 build/kernel/components/finsh/cmd.o
 *fill*         0x0000000080010703        0x5 
 .rodata.device_type_str
                0x0000000080010708       0xb8 build/kernel/components/finsh/cmd.o
 .rodata.name   0x00000000800107c0      0x42e build/kernel/components/finsh/cmd.o
                0x00000000800107c0                __fsym_list_desc
                0x00000000800107e0                __fsym_list_name
                0x00000000800107e8                __fsym___cmd_list_device_desc
                0x0000000080010800                __fsym___cmd_list_device_name
                0x0000000080010818                __fsym_list_device_desc
                0x0000000080010830                __fsym_list_device_name
                0x0000000080010840                __fsym___cmd_list_timer_desc
                0x0000000080010858                __fsym___cmd_list_timer_name
                0x0000000080010870                __fsym_list_timer_desc
                0x0000000080010888                __fsym_list_timer_name
                0x0000000080010898                __fsym___cmd_list_mempool_desc
                0x00000000800108b8                __fsym___cmd_list_mempool_name
                0x00000000800108d0                __fsym_list_mempool_desc
                0x00000000800108f0                __fsym_list_mempool_name
                0x0000000080010900                __fsym___cmd_list_msgqueue_desc
                0x0000000080010920                __fsym___cmd_list_msgqueue_name
                0x0000000080010938                __fsym_list_msgqueue_desc
                0x0000000080010958                __fsym_list_msgqueue_name
                0x0000000080010968                __fsym___cmd_list_mailbox_desc
                0x0000000080010980                __fsym___cmd_list_mailbox_name
                0x0000000080010998                __fsym_list_mailbox_desc
                0x00000000800109b0                __fsym_list_mailbox_name
                0x00000000800109c0                __fsym___cmd_list_mutex_desc
                0x00000000800109d8                __fsym___cmd_list_mutex_name
                0x00000000800109f0                __fsym_list_mutex_desc
                0x0000000080010a08                __fsym_list_mutex_name
                0x0000000080010a18                __fsym___cmd_list_event_desc
                0x0000000080010a30                __fsym___cmd_list_event_name
                0x0000000080010a48                __fsym_list_event_desc
                0x0000000080010a60                __fsym_list_event_name
                0x0000000080010a70                __fsym___cmd_list_sem_desc
                0x0000000080010a90                __fsym___cmd_list_sem_name
                0x0000000080010aa0                __fsym_list_sem_desc
                0x0000000080010ac0                __fsym_list_sem_name
                0x0000000080010ad0                __fsym___cmd_list_thread_desc
                0x0000000080010ae0                __fsym___cmd_list_thread_name
                0x0000000080010af8                __fsym_list_thread_desc
                0x0000000080010b08                __fsym_list_thread_name
                0x0000000080010b18                __fsym___cmd_version_desc
                0x0000000080010b40                __fsym___cmd_version_name
                0x0000000080010b50                __fsym_version_desc
                0x0000000080010b78                __fsym_version_name
                0x0000000080010b80                __fsym___cmd_clear_desc
                0x0000000080010ba0                __fsym___cmd_clear_name
                0x0000000080010bb0                __fsym_clear_desc
                0x0000000080010bd0                __fsym_clear_name
                0x0000000080010bd8                __fsym_hello_desc
                0x0000000080010be8                __fsym_hello_name
 *fill*         0x0000000080010bee        0x2 
 .rodata.finsh_rx_ind.str1.8
                0x0000000080010bf0       0x11 build/kernel/components/finsh/shell.o
 *fill*         0x0000000080010c01        0x7 
 .rodata.finsh_get_prompt.str1.8
                0x0000000080010c08       0x12 build/kernel/components/finsh/shell.o
 *fill*         0x0000000080010c1a        0x6 
 .rodata.shell_handle_history.isra.0.str1.8
                0x0000000080010c20        0xd build/kernel/components/finsh/shell.o
 *fill*         0x0000000080010c2d        0x3 
 .rodata.finsh_system_init.str1.8
                0x0000000080010c30       0x25 build/kernel/components/finsh/shell.o
 *fill*         0x0000000080010c55        0x3 
 .rodata.finsh_set_device.str1.8
                0x0000000080010c58       0x20 build/kernel/components/finsh/shell.o
 .rodata.finsh_thread_entry.str1.8
                0x0000000080010c78       0x14 build/kernel/components/finsh/shell.o
                                         0x2b (size before relaxing)
 *fill*         0x0000000080010c8c        0x4 
 .rodata.__FUNCTION__.0
                0x0000000080010c90        0xe build/kernel/components/finsh/shell.o
 *fill*         0x0000000080010c9e        0x2 
 .rodata.__FUNCTION__.4
                0x0000000080010ca0        0xd build/kernel/components/finsh/shell.o
 *fill*         0x0000000080010cad        0x3 
 .rodata.__FUNCTION__.5
                0x0000000080010cb0       0x11 build/kernel/components/finsh/shell.o
 *fill*         0x0000000080010cc1        0x7 
 .rodata.__FUNCTION__.6
                0x0000000080010cc8       0x16 build/kernel/components/finsh/shell.o
 .rodata.cmd_pwd.str1.8
                0x0000000080010cde        0x4 build/kernel/components/finsh/msh_file.o
 *fill*         0x0000000080010cde        0x2 
 .rodata.directory_delete_for_msh.str1.8
                0x0000000080010ce0       0x50 build/kernel/components/finsh/msh_file.o
                                         0x58 (size before relaxing)
 .rodata.cmd_rm.str1.8
                0x0000000080010d30       0xaf build/kernel/components/finsh/msh_file.o
 *fill*         0x0000000080010ddf        0x1 
 .rodata.cmd_mkfs.str1.8
                0x0000000080010de0       0x48 build/kernel/components/finsh/msh_file.o
 .rodata.cmd_mount.str1.8
                0x0000000080010e28       0xce build/kernel/components/finsh/msh_file.o
 *fill*         0x0000000080010ef6        0x2 
 .rodata.cmd_umount.str1.8
                0x0000000080010ef8       0x30 build/kernel/components/finsh/msh_file.o
 .rodata.cmd_tail.str1.8
                0x0000000080010f28       0xc5 build/kernel/components/finsh/msh_file.o
                                         0xd2 (size before relaxing)
 *fill*         0x0000000080010fed        0x3 
 .rodata.cmd_cp.str1.8
                0x0000000080010ff0       0x2e build/kernel/components/finsh/msh_file.o
 *fill*         0x000000008001101e        0x2 
 .rodata.cmd_mv.str1.8
                0x0000000080011020       0x6f build/kernel/components/finsh/msh_file.o
 *fill*         0x000000008001108f        0x1 
 .rodata.cmd_cat.str1.8
                0x0000000080011090       0x2d build/kernel/components/finsh/msh_file.o
 *fill*         0x00000000800110bd        0x3 
 .rodata.cmd_cd.str1.8
                0x00000000800110c0       0x17 build/kernel/components/finsh/msh_file.o
 *fill*         0x00000000800110d7        0x1 
 .rodata.cmd_mkdir.str1.8
                0x00000000800110d8       0x5d build/kernel/components/finsh/msh_file.o
 *fill*         0x0000000080011135        0x3 
 .rodata.cmd_df.str1.8
                0x0000000080011138       0x1b build/kernel/components/finsh/msh_file.o
                                         0x23 (size before relaxing)
 *fill*         0x0000000080011153        0x5 
 .rodata.cmd_echo.str1.8
                0x0000000080011158       0x39 build/kernel/components/finsh/msh_file.o
 *fill*         0x0000000080011191        0x7 
 .rodata.msh_exec_script.str1.8
                0x0000000080011198       0x1a build/kernel/components/finsh/msh_file.o
 *fill*         0x00000000800111b2        0x6 
 .rodata.name   0x00000000800111b8      0x2a1 build/kernel/components/finsh/msh_file.o
                0x00000000800111b8                __fsym___cmd_tail_desc
                0x00000000800111e8                __fsym___cmd_tail_name
                0x00000000800111f8                __fsym___cmd_echo_desc
                0x0000000080011210                __fsym___cmd_echo_name
                0x0000000080011220                __fsym___cmd_df_desc
                0x0000000080011230                __fsym___cmd_df_name
                0x0000000080011240                __fsym___cmd_umount_desc
                0x0000000080011260                __fsym___cmd_umount_name
                0x0000000080011270                __fsym___cmd_mount_desc
                0x0000000080011298                __fsym___cmd_mount_name
                0x00000000800112a8                __fsym___cmd_mkfs_desc
                0x00000000800112c8                __fsym___cmd_mkfs_name
                0x00000000800112d8                __fsym___cmd_mkdir_desc
                0x00000000800112f0                __fsym___cmd_mkdir_name
                0x0000000080011300                __fsym___cmd_pwd_desc
                0x0000000080011338                __fsym___cmd_pwd_name
                0x0000000080011348                __fsym___cmd_cd_desc
                0x0000000080011370                __fsym___cmd_cd_name
                0x0000000080011380                __fsym___cmd_rm_desc
                0x00000000800113a0                __fsym___cmd_rm_name
                0x00000000800113b0                __fsym___cmd_cat_desc
                0x00000000800113c8                __fsym___cmd_cat_name
                0x00000000800113d8                __fsym___cmd_mv_desc
                0x00000000800113f0                __fsym___cmd_mv_name
                0x0000000080011400                __fsym___cmd_cp_desc
                0x0000000080011418                __fsym___cmd_cp_name
                0x0000000080011428                __fsym___cmd_ls_desc
                0x0000000080011450                __fsym___cmd_ls_name
 *fill*         0x0000000080011459        0x7 
 .rodata.list_fd.str1.8
                0x0000000080011460       0x8f build/kernel/components/dfs/src/dfs.o
                                         0xa2 (size before relaxing)
 *fill*         0x00000000800114ef        0x1 
 .rodata.dfs_init.str1.8
                0x00000000800114f0       0x2d build/kernel/components/dfs/src/dfs.o
 .rodata.dfs_lock.str1.8
                0x000000008001151d        0x2 build/kernel/components/dfs/src/dfs.o
 *fill*         0x000000008001151d        0x3 
 .rodata.fd_new.str1.8
                0x0000000080011520       0x49 build/kernel/components/dfs/src/dfs.o
 *fill*         0x0000000080011569        0x7 
 .rodata.fd_put.str1.8
                0x0000000080011570        0xb build/kernel/components/dfs/src/dfs.o
 *fill*         0x000000008001157b        0x5 
 .rodata.dfs_normalize_path.str1.8
                0x0000000080011580       0x11 build/kernel/components/dfs/src/dfs.o
                                         0x1e (size before relaxing)
 *fill*         0x0000000080011591        0x7 
 .rodata.__FUNCTION__.0
                0x0000000080011598       0x13 build/kernel/components/dfs/src/dfs.o
 *fill*         0x00000000800115ab        0x5 
 .rodata.__FUNCTION__.2
                0x00000000800115b0        0x9 build/kernel/components/dfs/src/dfs.o
 *fill*         0x00000000800115b9        0x7 
 .rodata.name   0x00000000800115c0       0x26 build/kernel/components/dfs/src/dfs.o
                0x00000000800115c0                __fsym___cmd_list_fd_desc
                0x00000000800115d8                __fsym___cmd_list_fd_name
 .rodata.chdir.str1.8
                0x00000000800115e6        0x4 build/kernel/components/dfs/src/dfs_posix.o
 *fill*         0x00000000800115e6        0x2 
 .rodata.name   0x00000000800115e8       0x4e build/kernel/components/dfs/src/dfs_posix.o
                0x00000000800115e8                __fsym_cd_desc
                0x0000000080011610                __fsym_cd_name
                0x0000000080011618                __fsym_mkdir_desc
                0x0000000080011630                __fsym_mkdir_name
 *fill*         0x0000000080011636        0x2 
 .rodata.dfs_register.str1.8
                0x0000000080011638       0x35 build/kernel/components/dfs/src/dfs_fs.o
                                         0x4a (size before relaxing)
 *fill*         0x000000008001166d        0x3 
 .rodata.dfs_filesystem_lookup.str1.8
                0x0000000080011670        0x5 build/kernel/components/dfs/src/dfs_fs.o
 *fill*         0x0000000080011675        0x3 
 .rodata.dfs_mount.str1.8
                0x0000000080011678       0x32 build/kernel/components/dfs/src/dfs_fs.o
                                         0x42 (size before relaxing)
 *fill*         0x00000000800116aa        0x6 
 .rodata.dfs_mkfs.str1.8
                0x00000000800116b0       0x75 build/kernel/components/dfs/src/dfs_fs.o
 *fill*         0x0000000080011725        0x3 
 .rodata.df.str1.8
                0x0000000080011728       0x66 build/kernel/components/dfs/src/dfs_fs.o
 *fill*         0x000000008001178e        0x2 
 .rodata.__FUNCTION__.1
                0x0000000080011790       0x16 build/kernel/components/dfs/src/dfs_fs.o
 *fill*         0x00000000800117a6        0x2 
 .rodata.name   0x00000000800117a8       0x35 build/kernel/components/dfs/src/dfs_fs.o
                0x00000000800117a8                __fsym_df_desc
                0x00000000800117b8                __fsym_df_name
                0x00000000800117c0                __fsym_mkfs_desc
                0x00000000800117d8                __fsym_mkfs_name
 .rodata.dfs_file_open.str1.8
                0x00000000800117dd        0x2 build/kernel/components/dfs/src/dfs_file.o
 *fill*         0x00000000800117dd        0x3 
 .rodata.cat.str1.8
                0x00000000800117e0       0x10 build/kernel/components/dfs/src/dfs_file.o
                                         0x1a (size before relaxing)
 .rodata.rm.str1.8
                0x00000000800117f0       0x12 build/kernel/components/dfs/src/dfs_file.o
 *fill*         0x0000000080011802        0x6 
 .rodata.copyfile.str1.8
                0x0000000080011808       0x4a build/kernel/components/dfs/src/dfs_file.o
                                         0x5a (size before relaxing)
 *fill*         0x0000000080011852        0x6 
 .rodata.dfs_file_stat.str1.8
                0x0000000080011858       0x5e build/kernel/components/dfs/src/dfs_file.o
                                         0x6e (size before relaxing)
 *fill*         0x00000000800118b6        0x2 
 .rodata.ls.str1.8
                0x00000000800118b8       0x53 build/kernel/components/dfs/src/dfs_file.o
 *fill*         0x000000008001190b        0x5 
 .rodata.copydir.str1.8
                0x0000000080011910       0x36 build/kernel/components/dfs/src/dfs_file.o
                                         0x46 (size before relaxing)
 *fill*         0x0000000080011946        0x2 
 .rodata.copy.str1.8
                0x0000000080011948       0x44 build/kernel/components/dfs/src/dfs_file.o
 *fill*         0x000000008001198c        0x4 
 .rodata.name   0x0000000080011990       0x7b build/kernel/components/dfs/src/dfs_file.o
                0x0000000080011990                __fsym_copy_desc
                0x00000000800119a8                __fsym_copy_name
                0x00000000800119b0                __fsym_cat_desc
                0x00000000800119c0                __fsym_cat_name
                0x00000000800119c8                __fsym_rm_desc
                0x00000000800119e8                __fsym_rm_name
                0x00000000800119f0                __fsym_ls_desc
                0x0000000080011a08                __fsym_ls_name
 *fill*         0x0000000080011a0b        0x5 
 .rodata.dfs_device_fs_ioctl.str1.8
                0x0000000080011a10       0x22 build/kernel/components/dfs/filesystems/devfs/devfs.o
 *fill*         0x0000000080011a32        0x6 
 .rodata.dfs_device_fs_close.str1.8
                0x0000000080011a38       0x17 build/kernel/components/dfs/filesystems/devfs/devfs.o
 .rodata.dfs_device_fs_open.str1.8
                0x0000000080011a4f       0x17 build/kernel/components/dfs/filesystems/devfs/devfs.o
 .rodata.str1.8
                0x0000000080011a4f        0x6 build/kernel/components/dfs/filesystems/devfs/devfs.o
 *fill*         0x0000000080011a4f        0x1 
 .rodata.__FUNCTION__.0
                0x0000000080011a50       0x17 build/kernel/components/dfs/filesystems/devfs/devfs.o
 *fill*         0x0000000080011a67        0x1 
 .rodata.__FUNCTION__.1
                0x0000000080011a68       0x13 build/kernel/components/dfs/filesystems/devfs/devfs.o
 *fill*         0x0000000080011a7b        0x5 
 .rodata.__FUNCTION__.2
                0x0000000080011a80       0x14 build/kernel/components/dfs/filesystems/devfs/devfs.o
 *fill*         0x0000000080011a94        0x4 
 .rodata.__FUNCTION__.3
                0x0000000080011a98       0x14 build/kernel/components/dfs/filesystems/devfs/devfs.o
 *fill*         0x0000000080011aac        0x4 
 .rodata.__FUNCTION__.4
                0x0000000080011ab0       0x13 build/kernel/components/dfs/filesystems/devfs/devfs.o
 *fill*         0x0000000080011ac3        0x5 
 .rodata.__FUNCTION__.5
                0x0000000080011ac8       0x14 build/kernel/components/dfs/filesystems/devfs/devfs.o
 *fill*         0x0000000080011adc        0x4 
 .rodata._device_fops
                0x0000000080011ae0       0x48 build/kernel/components/dfs/filesystems/devfs/devfs.o
 .rodata._device_fs
                0x0000000080011b28       0x50 build/kernel/components/dfs/filesystems/devfs/devfs.o
 .rodata.dfs_romfs_read.str1.8
                0x0000000080011b78        0xf build/kernel/components/dfs/filesystems/romfs/dfs_romfs.o
 *fill*         0x0000000080011b87        0x1 
 .rodata.dfs_romfs_getdents.str1.8
                0x0000000080011b88       0x21 build/kernel/components/dfs/filesystems/romfs/dfs_romfs.o
 *fill*         0x0000000080011ba9        0x7 
 .rodata.str1.8
                0x0000000080011bb0        0x4 build/kernel/components/dfs/filesystems/romfs/dfs_romfs.o
 *fill*         0x0000000080011bb4        0x4 
 .rodata.__FUNCTION__.0
                0x0000000080011bb8       0x13 build/kernel/components/dfs/filesystems/romfs/dfs_romfs.o
 *fill*         0x0000000080011bcb        0x5 
 .rodata.__FUNCTION__.1
                0x0000000080011bd0        0xf build/kernel/components/dfs/filesystems/romfs/dfs_romfs.o
 *fill*         0x0000000080011bdf        0x1 
 .rodata._rom_fops
                0x0000000080011be0       0x48 build/kernel/components/dfs/filesystems/romfs/dfs_romfs.o
 .rodata._romfs
                0x0000000080011c28       0x50 build/kernel/components/dfs/filesystems/romfs/dfs_romfs.o
 .rodata.rt_serial_control.str1.8
                0x0000000080011c78        0xf build/kernel/components/drivers/serial/serial.o
 .rodata._serial_fifo_calc_recved_len.str1.8
                0x0000000080011c78       0x13 build/kernel/components/drivers/serial/serial.o
 *fill*         0x0000000080011c8b        0x5 
 .rodata.rt_serial_open.str1.8
                0x0000000080011c90       0x42 build/kernel/components/drivers/serial/serial.o
 *fill*         0x0000000080011cd2        0x6 
 .rodata.rt_serial_write.str1.8
                0x0000000080011cd8        0xe build/kernel/components/drivers/serial/serial.o
 *fill*         0x0000000080011ce6        0x2 
 .rodata.rt_serial_read.str1.8
                0x0000000080011ce8       0x7e build/kernel/components/drivers/serial/serial.o
 *fill*         0x0000000080011d66        0x2 
 .rodata._serial_check_buffer_size.str1.8
                0x0000000080011d68       0x73 build/kernel/components/drivers/serial/serial.o
                                         0x7a (size before relaxing)
 .rodata.rt_hw_serial_register.str1.8
                0x0000000080011ddb       0x12 build/kernel/components/drivers/serial/serial.o
 *fill*         0x0000000080011ddb        0x5 
 .rodata.rt_hw_serial_isr.str1.8
                0x0000000080011de0       0x26 build/kernel/components/drivers/serial/serial.o
 *fill*         0x0000000080011e06        0x2 
 .rodata.__FUNCTION__.0
                0x0000000080011e08       0x1d build/kernel/components/drivers/serial/serial.o
 *fill*         0x0000000080011e25        0x3 
 .rodata.__FUNCTION__.10
                0x0000000080011e28        0xf build/kernel/components/drivers/serial/serial.o
 *fill*         0x0000000080011e37        0x1 
 .rodata.__FUNCTION__.11
                0x0000000080011e38        0xf build/kernel/components/drivers/serial/serial.o
 *fill*         0x0000000080011e47        0x1 
 .rodata.__FUNCTION__.13
                0x0000000080011e48        0xf build/kernel/components/drivers/serial/serial.o
 *fill*         0x0000000080011e57        0x1 
 .rodata.__FUNCTION__.14
                0x0000000080011e58       0x10 build/kernel/components/drivers/serial/serial.o
 .rodata.__FUNCTION__.15
                0x0000000080011e68       0x12 build/kernel/components/drivers/serial/serial.o
 *fill*         0x0000000080011e7a        0x6 
 .rodata.__FUNCTION__.16
                0x0000000080011e80       0x16 build/kernel/components/drivers/serial/serial.o
 *fill*         0x0000000080011e96        0x2 
 .rodata.__FUNCTION__.2
                0x0000000080011e98       0x11 build/kernel/components/drivers/serial/serial.o
 *fill*         0x0000000080011ea9        0x7 
 .rodata.__FUNCTION__.3
                0x0000000080011eb0        0xf build/kernel/components/drivers/serial/serial.o
 *fill*         0x0000000080011ebf        0x1 
 .rodata.__FUNCTION__.4
                0x0000000080011ec0        0xf build/kernel/components/drivers/serial/serial.o
 *fill*         0x0000000080011ecf        0x1 
 .rodata.__FUNCTION__.5
                0x0000000080011ed0       0x10 build/kernel/components/drivers/serial/serial.o
 .rodata.__FUNCTION__.7
                0x0000000080011ee0       0x1d build/kernel/components/drivers/serial/serial.o
 *fill*         0x0000000080011efd        0x3 
 .rodata.__FUNCTION__.8
                0x0000000080011f00       0x1d build/kernel/components/drivers/serial/serial.o
 *fill*         0x0000000080011f1d        0x3 
 .rodata.__FUNCTION__.9
                0x0000000080011f20        0xf build/kernel/components/drivers/serial/serial.o
 *fill*         0x0000000080011f2f        0x1 
 .rodata.rt_completion_init.str1.8
                0x0000000080011f30       0x16 build/kernel/components/drivers/src/completion.o
 *fill*         0x0000000080011f46        0x2 
 .rodata.rt_completion_wait.str1.8
                0x0000000080011f48       0x2f build/kernel/components/drivers/src/completion.o
                                         0x5a (size before relaxing)
 *fill*         0x0000000080011f77        0x1 
 .rodata.__FUNCTION__.0
                0x0000000080011f78       0x13 build/kernel/components/drivers/src/completion.o
 *fill*         0x0000000080011f8b        0x5 
 .rodata.__FUNCTION__.1
                0x0000000080011f90       0x13 build/kernel/components/drivers/src/completion.o
 *fill*         0x0000000080011fa3        0x5 
 .rodata.__FUNCTION__.2
                0x0000000080011fa8       0x13 build/kernel/components/drivers/src/completion.o
 *fill*         0x0000000080011fbb        0x5 
 .rodata.rt_data_queue_init.str1.8
                0x0000000080011fc0       0x21 build/kernel/components/drivers/src/dataqueue.o
 *fill*         0x0000000080011fe1        0x7 
 .rodata.rt_data_queue_push.str1.8