
Discarded input sections

 .text          0x0000000000000000        0x0 build/applications/can_util.o
 .data          0x0000000000000000        0x0 build/applications/can_util.o
 .bss           0x0000000000000000        0x0 build/applications/can_util.o
 .text.CAN_ErrorHandler
                0x0000000000000000        0x4 build/applications/can_util.o
 .text          0x0000000000000000        0x0 build/applications/uart_util.o
 .data          0x0000000000000000        0x0 build/applications/uart_util.o
 .bss           0x0000000000000000        0x0 build/applications/uart_util.o
 .text.uart_putc
                0x0000000000000000       0x30 build/applications/uart_util.o
 .text.uart_getc
                0x0000000000000000       0x34 build/applications/uart_util.o
 .rodata.uart_configure.str1.8
                0x0000000000000000       0x12 build/applications/uart_util.o
 .text.uart_configure
                0x0000000000000000       0x60 build/applications/uart_util.o
 .text.rt_hw_uart_isr
                0x0000000000000000       0x10 build/applications/uart_util.o
 .rodata.uart_control.str1.8
                0x0000000000000000       0x10 build/applications/uart_util.o
 .text.uart_control
                0x0000000000000000       0x44 build/applications/uart_util.o
 .text.uart_init
                0x0000000000000000       0x84 build/applications/uart_util.o
 .rodata.hw_uart_init.str1.8
                0x0000000000000000        0x5 build/applications/uart_util.o
 .text.hw_uart_init
                0x0000000000000000       0xb0 build/applications/uart_util.o
 .srodata.cst8  0x0000000000000000        0x8 build/applications/uart_util.o
 .bss.serial2   0x0000000000000000       0xa0 build/applications/uart_util.o
 .bss.uart2     0x0000000000000000       0x10 build/applications/uart_util.o
 .rodata.__FUNCTION__.0
                0x0000000000000000        0xf build/applications/uart_util.o
 .rodata.__FUNCTION__.1
                0x0000000000000000        0xd build/applications/uart_util.o
 .rodata.uart_ops
                0x0000000000000000       0x28 build/applications/uart_util.o
 .comment       0x0000000000000000       0x2c build/applications/uart_util.o
 .note.GNU-stack
                0x0000000000000000        0x0 build/applications/uart_util.o
 .riscv.attributes
                0x0000000000000000       0x24 build/applications/uart_util.o
 .text          0x0000000000000000        0x0 build/applications/main.o
 .data          0x0000000000000000        0x0 build/applications/main.o
 .bss           0x0000000000000000        0x0 build/applications/main.o
 .text          0x0000000000000000        0x0 build/applications/pid_alg.o
 .data          0x0000000000000000        0x0 build/applications/pid_alg.o
 .bss           0x0000000000000000        0x0 build/applications/pid_alg.o
 .text.PID_InitPIDParam
                0x0000000000000000       0x18 build/applications/pid_alg.o
 .text.PID_GetPIDOutput
                0x0000000000000000        0x8 build/applications/pid_alg.o
 .text.PID_GetPIDRef
                0x0000000000000000        0x8 build/applications/pid_alg.o
 .text.PID_SetPIDRef
                0x0000000000000000        0x8 build/applications/pid_alg.o
 .text.PID_SetPIDFdb
                0x0000000000000000        0x8 build/applications/pid_alg.o
 .text.PID_ClearPID
                0x0000000000000000       0x20 build/applications/pid_alg.o
 .text.PID_SetPIDMax
                0x0000000000000000        0x8 build/applications/pid_alg.o
 .data.PID_ChassisMotorpidparam
                0x0000000000000000       0x14 build/applications/pid_alg.o
 .text          0x0000000000000000        0x0 build/applications/motor_periph.o
 .data          0x0000000000000000        0x0 build/applications/motor_periph.o
 .bss           0x0000000000000000        0x0 build/applications/motor_periph.o
 .text          0x0000000000000000        0x0 build/driver/plic.o
 .data          0x0000000000000000        0x0 build/driver/plic.o
 .bss           0x0000000000000000        0x0 build/driver/plic.o
 .text.plic_irq_disable
                0x0000000000000000       0x2c build/driver/plic.o
 .text          0x0000000000000000        0x0 build/driver/drv_uart.o
 .data          0x0000000000000000        0x0 build/driver/drv_uart.o
 .bss           0x0000000000000000        0x0 build/driver/drv_uart.o
 .text          0x0000000000000000        0x0 build/driver/board.o
 .data          0x0000000000000000        0x0 build/driver/board.o
 .bss           0x0000000000000000        0x0 build/driver/board.o
 .text          0x0000000000000000        0x0 build/driver/sbi.o
 .data          0x0000000000000000        0x0 build/driver/sbi.o
 .bss           0x0000000000000000        0x0 build/driver/sbi.o
 .text.sbi_call
                0x0000000000000000       0x30 build/driver/sbi.o
 .text.sbi_probe_extension
                0x0000000000000000       0x3c build/driver/sbi.o
 .rodata.sbi_print_version.str1.8
[...]
Memory Configuration

Name             Origin             Length             Attributes
SRAM             0x0000000080000000 0x00000000007ff000
*default*        0x0000000000000000 0xffffffffffffffff

Linker script and memory map

                0x0000000000004e20                __STACKSIZE__ = 0x4e20
                0x0000000080000000                __START_ADDR__ = 0x80000000
                0x0000000080000000                . = __START_ADDR__

.start          0x0000000080000000       0x54
 *(.start)
 .start         0x0000000080000000       0x54 /home/ddddddd/my_learn/cpu_relative/prog/src/rtthread/libcpu/risc-v/virt64/startup_gcc.o
                0x0000000080000000                _start
                0x0000000080000058                . = ALIGN (0x8)

.text           0x0000000080000058    0x124c8
 *(.text)
 .text          0x0000000080000058       0x24 /home/ddddddd/my_learn/cpu_relative/prog/src/rtthread/libcpu/risc-v/virt64/muldi3.o
                0x0000000080000058                __muldi3
 .text          0x000000008000007c      0x154 /home/ddddddd/my_learn/cpu_relative/prog/src/rtthread/libcpu/risc-v/virt64/context_gcc.o
                0x000000008000007c                rt_hw_interrupt_disable
                0x0000000080000084                rt_hw_interrupt_enable
                0x000000008000008c                rt_hw_context_switch_to
                0x000000008000009c                rt_hw_context_switch
                0x0000000080000138                rt_hw_context_switch_exit
 .text          0x00000000800001d0      0x100 /home/ddddddd/my_learn/cpu_relative/prog/src/rtthread/libcpu/risc-v/virt64/div.o
                0x00000000800001d0                __udivsi3
                0x00000000800001e8                __umodsi3
                0x0000000080000208                __divsi3
                0x0000000080000210                __divdi3
                0x0000000080000218                __udivdi3
                0x0000000080000260                __umoddi3
                0x0000000080000294                __modsi3
                0x0000000080000294                __moddi3
 *(.text.*)
 .text.CAN_GetData
                0x00000000800002d0       0x50 build/applications/can_util.o
                0x00000000800002d0                CAN_GetData
 .text.CAN_SendData
                0x0000000080000320       0x30 build/applications/can_util.o
                0x0000000080000320                CAN_SendData
 .text.motor_read_entry
                0x0000000080000350       0x28 build/applications/main.o
 .text.thread_sample
                0x0000000080000378       0x70 build/applications/main.o
                0x0000000080000378                thread_sample
 .text.startup.main
                0x00000000800003e8       0x28 build/applications/main.o
                0x00000000800003e8                main
 .text.PID_InitPID
                0x0000000080000410       0x1c build/applications/pid_alg.o
                0x0000000080000410                PID_InitPID
 .text.PID_ClacPID
                0x000000008000042c       0xe0 build/applications/pid_alg.o
                0x000000008000042c                PID_ClacPID
 .text.Motor_SendMessage
                0x000000008000050c       0x88 build/applications/motor_periph.o
                0x000000008000050c                Motor_SendMessage
 .text.Motor_MotorEncoderDecode
                0x0000000080000594       0x7c build/applications/motor_periph.o
                0x0000000080000594                Motor_MotorEncoderDecode
 .text.Motor_MotorPID_Clac
                0x0000000080000610        0xc build/applications/motor_periph.o
                0x0000000080000610                Motor_MotorPID_Clac
 .text.Motor_MotorGroupsPID_Clac
                0x000000008000061c      0x12c build/applications/motor_periph.o
                0x000000008000061c                Motor_MotorGroupsPID_Clac
 .text.Motor_motorInit
                0x0000000080000748       0x64 build/applications/motor_periph.o
                0x0000000080000748                Motor_motorInit
 .text.Motor_MotorGroupInit
                0x00000000800007ac      0x154 build/applications/motor_periph.o
                0x00000000800007ac                Motor_MotorGroupInit
 .text.Motor_Chassis_Decoder
                0x0000000080000900       0x8c build/applications/motor_periph.o
                0x0000000080000900                Motor_Chassis_Decoder
 .text.Task_MotorControl
                0x000000008000098c       0x74 build/applications/motor_periph.o
                0x000000008000098c                Task_MotorControl
 .text.plic_set_priority
                0x0000000080000a00       0x14 build/driver/plic.o
                0x0000000080000a00                plic_set_priority
 .text.plic_irq_enable
                0x0000000080000a14       0x3c build/driver/plic.o
                0x0000000080000a14                plic_irq_enable
 .text.plic_set_threshold
                0x0000000080000a50       0x18 build/driver/plic.o
                0x0000000080000a50                plic_set_threshold
 .text.plic_claim
                0x0000000080000a68       0x40 build/driver/plic.o
                0x0000000080000a68                plic_claim
 .text.plic_complete
                0x0000000080000aa8       0x18 build/driver/plic.o
                0x0000000080000aa8                plic_complete
 .text.drv_uart_putc
                0x0000000080000ac0       0x1c build/driver/drv_uart.o
 .text.drv_uart_getc
                0x0000000080000adc       0x1c build/driver/drv_uart.o
 .text.rt_uart_configure
                0x0000000080000af8       0x5c build/driver/drv_uart.o
 .text.rt_hw_uart_isr
                0x0000000080000b54        0xc build/driver/drv_uart.o
 .text.uart_control
                0x0000000080000b60       0x40 build/driver/drv_uart.o
 .text.virt_uart_init
                0x0000000080000ba0       0x34 build/driver/drv_uart.o
                0x0000000080000ba0                virt_uart_init
 .text.rt_hw_uart_init
                0x0000000080000bd4       0xa0 build/driver/drv_uart.o
                0x0000000080000bd4                rt_hw_uart_init
 .text.rt_hw_cpu_reset
                0x0000000080000c74       0x24 build/driver/board.o
                0x0000000080000c74                rt_hw_cpu_reset
 .text.primary_cpu_entry
                0x0000000080000c98       0x34 build/driver/board.o
                0x0000000080000c98                primary_cpu_entry
 .text.rt_hw_board_init
                0x0000000080000ccc       0x68 build/driver/board.o
                0x0000000080000ccc                rt_hw_board_init
 .text.atoi     0x0000000080000d34       0x50 build/driver/lib/stdlib.o
                0x0000000080000d34                atoi
 .text.strlen   0x0000000080000d84        0x4 build/driver/lib/string.o
                0x0000000080000d84                strlen
 .text.strcpy   0x0000000080000d88       0x24 build/driver/lib/string.o
                0x0000000080000d88                strcpy
 .text.strncpy  0x0000000080000dac        0x4 build/driver/lib/string.o
                0x0000000080000dac                strncpy
 .text.strcat   0x0000000080000db0       0x38 build/driver/lib/string.o
                0x0000000080000db0                strcat
 .text.strcmp   0x0000000080000de8        0x4 build/driver/lib/string.o
                0x0000000080000de8                strcmp
 .text.strncmp  0x0000000080000dec        0x4 build/driver/lib/string.o
                0x0000000080000dec                strncmp
 .text.memset   0x0000000080000df0        0x4 build/driver/lib/string.o
                0x0000000080000df0                memset
 .text.memcpy   0x0000000080000df4        0x4 build/driver/lib/string.o
                0x0000000080000df4                memcpy
 .text.memcmp   0x0000000080000df8        0x4 build/driver/lib/string.o
                0x0000000080000df8                memcmp
 .text.strstr   0x0000000080000dfc        0x4 build/driver/lib/string.o
                0x0000000080000dfc                strstr
 .text.strrchr  0x0000000080000e00       0x2c build/driver/lib/string.o
                0x0000000080000e00                strrchr
 .text.rt_device_find
                0x0000000080000e2c        0x8 build/kernel/src/device.o
                0x0000000080000e2c                rt_device_find
 .text.rt_device_register
                0x0000000080000e34       0x78 build/kernel/src/device.o
                0x0000000080000e34                rt_device_register
 .text.rt_device_open
                0x0000000080000eac      0x158 build/kernel/src/device.o
                0x0000000080000eac                rt_device_open
 .text.rt_device_close
                0x0000000080001004       0xac build/kernel/src/device.o
                0x0000000080001004                rt_device_close
 .text.rt_device_read
                0x00000000800010b0       0xd4 build/kernel/src/device.o
                0x00000000800010b0                rt_device_read
 .text.rt_device_write
                0x0000000080001184       0xd4 build/kernel/src/device.o
                0x0000000080001184                rt_device_write
 .text.rt_device_control
                0x0000000080001258       0xac build/kernel/src/device.o
                0x0000000080001258                rt_device_control
 .text.rt_device_set_rx_indicate
                0x0000000080001304       0x78 build/kernel/src/device.o
                0x0000000080001304                rt_device_set_rx_indicate
 .text.rt_mem_setname
                0x000000008000137c       0x50 build/kernel/src/mem.o
 .text.list_mem
                0x00000000800013cc       0x4c build/kernel/src/mem.o
                0x00000000800013cc                list_mem
 .text.memtrace
                0x0000000080001418      0x198 build/kernel/src/mem.o
                0x0000000080001418                memtrace
 .text.plug_holes
                0x00000000800015b0      0x128 build/kernel/src/mem.o
 .text.memcheck
                0x00000000800016d8       0xec build/kernel/src/mem.o
                0x00000000800016d8                memcheck
 .text.rt_system_heap_init
                0x00000000800017c4      0x170 build/kernel/src/mem.o
                0x00000000800017c4                rt_system_heap_init
 .text.rt_malloc
                0x0000000080001934      0x32c build/kernel/src/mem.o
                0x0000000080001934                rt_malloc
 .text.rt_calloc
                0x0000000080001c60       0x40 build/kernel/src/mem.o
                0x0000000080001c60                rt_calloc
 .text.rt_free  0x0000000080001ca0      0x210 build/kernel/src/mem.o
                0x0000000080001ca0                rt_free
 .text.rt_realloc
                0x0000000080001eb0      0x1fc build/kernel/src/mem.o
                0x0000000080001eb0                rt_realloc
 .text._rt_thread_cleanup_execute
                0x00000000800020ac       0x44 build/kernel/src/thread.o
 .text._rt_thread_exit
                0x00000000800020f0       0x80 build/kernel/src/thread.o
 .text._rt_thread_init.constprop.0
                0x0000000080002170      0x114 build/kernel/src/thread.o
 .text.rt_thread_timeout
                0x0000000080002284       0xd0 build/kernel/src/thread.o
                0x0000000080002284                rt_thread_timeout
 .text.rt_thread_init
                0x0000000080002354       0xd8 build/kernel/src/thread.o
                0x0000000080002354                rt_thread_init
 .text.rt_thread_self
                0x000000008000242c        0xc build/kernel/src/thread.o
                0x000000008000242c                rt_thread_self
 .text.rt_thread_detach
                0x0000000080002438       0xfc build/kernel/src/thread.o
                0x0000000080002438                rt_thread_detach
 .text.rt_thread_create
                0x0000000080002534       0xc0 build/kernel/src/thread.o
                0x0000000080002534                rt_thread_create
 .text.rt_thread_delete
                0x00000000800025f4       0xe0 build/kernel/src/thread.o
                0x00000000800025f4                rt_thread_delete
 .text.rt_thread_suspend
                0x00000000800026d4      0x104 build/kernel/src/thread.o
                0x00000000800026d4                rt_thread_suspend
 .text.rt_thread_sleep
                0x00000000800027d8       0xc8 build/kernel/src/thread.o
                0x00000000800027d8                rt_thread_sleep
 .text.rt_thread_delay
                0x00000000800028a0        0x4 build/kernel/src/thread.o
                0x00000000800028a0                rt_thread_delay
 .text.rt_thread_mdelay
                0x00000000800028a4       0x1c build/kernel/src/thread.o
                0x00000000800028a4                rt_thread_mdelay
 .text.rt_thread_resume
                0x00000000800028c0       0xd8 build/kernel/src/thread.o
                0x00000000800028c0                rt_thread_resume
 .text.rt_thread_startup
                0x0000000080002998       0xc0 build/kernel/src/thread.o
                0x0000000080002998                rt_thread_startup
 .text.rt_thread_control
                0x0000000080002a58      0x148 build/kernel/src/thread.o
                0x0000000080002a58                rt_thread_control
 .text.print_number
                0x0000000080002ba0      0x2d0 build/kernel/src/kservice.o
 .text.rt_set_errno
                0x0000000080002e70       0x40 build/kernel/src/kservice.o
                0x0000000080002e70                rt_set_errno
 .text.rt_memset
                0x0000000080002eb0       0xac build/kernel/src/kservice.o
                0x0000000080002eb0                rt_memset
 .text.rt_memcpy
                0x0000000080002f5c       0xe0 build/kernel/src/kservice.o
                0x0000000080002f5c                rt_memcpy
 .text.rt_memmove
                0x000000008000303c       0x5c build/kernel/src/kservice.o
                0x000000008000303c                rt_memmove
 .text.rt_memcmp
                0x0000000080003098       0x34 build/kernel/src/kservice.o
                0x0000000080003098                rt_memcmp
 .text.rt_strncpy
                0x00000000800030cc       0x44 build/kernel/src/kservice.o
                0x00000000800030cc                rt_strncpy
 .text.rt_strncmp
                0x0000000080003110       0x40 build/kernel/src/kservice.o
                0x0000000080003110                rt_strncmp
 .text.rt_strcmp
                0x0000000080003150       0x24 build/kernel/src/kservice.o
                0x0000000080003150                rt_strcmp
 .text.rt_strlen
                0x0000000080003174       0x1c build/kernel/src/kservice.o
                0x0000000080003174                rt_strlen
 .text.rt_strstr
                0x0000000080003190       0x84 build/kernel/src/kservice.o
                0x0000000080003190                rt_strstr
 .text.rt_strdup
                0x0000000080003214       0x4c build/kernel/src/kservice.o
                0x0000000080003214                rt_strdup
 .text.rt_vsnprintf
                0x0000000080003260      0x510 build/kernel/src/kservice.o
                0x0000000080003260                rt_vsnprintf
 .text.rt_snprintf
                0x0000000080003770       0x34 build/kernel/src/kservice.o
                0x0000000080003770                rt_snprintf
 .text.rt_vsprintf
                0x00000000800037a4       0x10 build/kernel/src/kservice.o
                0x00000000800037a4                rt_vsprintf
 .text.rt_sprintf
                0x00000000800037b4       0x38 build/kernel/src/kservice.o
                0x00000000800037b4                rt_sprintf
 .text.rt_console_get_device
                0x00000000800037ec        0xc build/kernel/src/kservice.o
                0x00000000800037ec                rt_console_get_device
 .text.rt_console_set_device
                0x00000000800037f8       0x70 build/kernel/src/kservice.o
                0x00000000800037f8                rt_console_set_device
 .text.rt_hw_console_output
                0x0000000080003868        0x4 build/kernel/src/kservice.o
                0x0000000080003868                rt_hw_console_output
 .text.rt_kprintf
                0x000000008000386c       0xb0 build/kernel/src/kservice.o
                0x000000008000386c                rt_kprintf
 .text.rt_show_version
                0x000000008000391c       0x54 build/kernel/src/kservice.o
                0x000000008000391c                rt_show_version
 .text.__rt_ffs
                0x0000000080003970       0x84 build/kernel/src/kservice.o
                0x0000000080003970                __rt_ffs
 .text.rt_assert_handler
                0x00000000800039f4       0x50 build/kernel/src/kservice.o
                0x00000000800039f4                rt_assert_handler
 .text.fixedpt_str
                0x0000000080003a44      0x1a8 build/kernel/src/fixpoint.o
                0x0000000080003a44                fixedpt_str
 .text.rt_object_get_information
                0x0000000080003bec       0x3c build/kernel/src/object.o
                0x0000000080003bec                rt_object_get_information
 .text.rt_object_init
                0x0000000080003c28      0x114 build/kernel/src/object.o
                0x0000000080003c28                rt_object_init
 .text.rt_object_detach
                0x0000000080003d3c       0x74 build/kernel/src/object.o
                0x0000000080003d3c                rt_object_detach
 .text.rt_object_allocate
                0x0000000080003db0      0x128 build/kernel/src/object.o
                0x0000000080003db0                rt_object_allocate
 .text.rt_object_delete
                0x0000000080003ed8       0x9c build/kernel/src/object.o
                0x0000000080003ed8                rt_object_delete
 .text.rt_object_is_systemobject
                0x0000000080003f74       0x44 build/kernel/src/object.o
                0x0000000080003f74                rt_object_is_systemobject
 .text.rt_object_get_type
                0x0000000080003fb8       0x44 build/kernel/src/object.o
                0x0000000080003fb8                rt_object_get_type
 .text.rt_object_find
                0x0000000080003ffc       0xd4 build/kernel/src/object.o
                0x0000000080003ffc                rt_object_find
 .text.rti_start
                0x00000000800040d0        0x8 build/kernel/src/components.o
 .text.rti_end  0x00000000800040d8        0x8 build/kernel/src/components.o
 .text.rti_board_start
                0x00000000800040e0        0x8 build/kernel/src/components.o
 .text.rti_board_end
                0x00000000800040e8        0x8 build/kernel/src/components.o
 .text.rt_components_board_init
                0x00000000800040f0       0x48 build/kernel/src/components.o
                0x00000000800040f0                rt_components_board_init
 .text.rt_components_init
                0x0000000080004138       0x48 build/kernel/src/components.o
                0x0000000080004138                rt_components_init
 .text.main_thread_entry
                0x0000000080004180       0x18 build/kernel/src/components.o
                0x0000000080004180                main_thread_entry
 .text.rt_application_init
                0x0000000080004198       0x70 build/kernel/src/components.o
                0x0000000080004198                rt_application_init
 .text.rtthread_startup
                0x0000000080004208       0x3c build/kernel/src/components.o
                0x0000000080004208                rtthread_startup
 .text.entry    0x0000000080004244       0x1c build/kernel/src/components.o
                0x0000000080004244                entry
 .text.rt_system_scheduler_init
                0x0000000080004260       0x34 build/kernel/src/scheduler.o
                0x0000000080004260                rt_system_scheduler_init
 .text.rt_schedule_insert_thread
                0x0000000080004294       0xac build/kernel/src/scheduler.o
                0x0000000080004294                rt_schedule_insert_thread
 .text.rt_schedule_remove_thread
                0x0000000080004340       0x94 build/kernel/src/scheduler.o
                0x0000000080004340                rt_schedule_remove_thread
 .text.rt_system_scheduler_start
                0x00000000800043d4       0x5c build/kernel/src/scheduler.o
                0x00000000800043d4                rt_system_scheduler_start
 .text.rt_schedule
                0x0000000080004430      0x180 build/kernel/src/scheduler.o
                0x0000000080004430                rt_schedule
 .text.rt_enter_critical
                0x00000000800045b0       0x2c build/kernel/src/scheduler.o
                0x00000000800045b0                rt_enter_critical
 .text.rt_exit_critical
                0x00000000800045dc       0x68 build/kernel/src/scheduler.o
                0x00000000800045dc                rt_exit_critical
 .text.rt_tick_get
                0x0000000080004644        0xc build/kernel/src/clock.o
                0x0000000080004644                rt_tick_get
 .text.rt_tick_increase
                0x0000000080004650       0x78 build/kernel/src/clock.o
                0x0000000080004650                rt_tick_increase
 .text.rt_tick_from_millisecond
                0x00000000800046c8       0x80 build/kernel/src/clock.o
                0x00000000800046c8                rt_tick_from_millisecond
 .text.rt_interrupt_enter
                0x0000000080004748       0x44 build/kernel/src/irq.o
                0x0000000080004748                rt_interrupt_enter
 .text.rt_interrupt_leave
                0x000000008000478c       0x44 build/kernel/src/irq.o
                0x000000008000478c                rt_interrupt_leave
 .text.rt_interrupt_get_nest
                0x00000000800047d0       0x30 build/kernel/src/irq.o
                0x00000000800047d0                rt_interrupt_get_nest
 .text._rt_timer_remove
                0x0000000080004800       0x20 build/kernel/src/timer.o
 .text.rt_timer_init
                0x0000000080004820       0xac build/kernel/src/timer.o
                0x0000000080004820                rt_timer_init
 .text.rt_timer_detach
                0x00000000800048cc       0xc0 build/kernel/src/timer.o
                0x00000000800048cc                rt_timer_detach
 .text.rt_timer_start
                0x000000008000498c      0x190 build/kernel/src/timer.o
                0x000000008000498c                rt_timer_start
 .text.rt_timer_stop
                0x0000000080004b1c       0xb8 build/kernel/src/timer.o
                0x0000000080004b1c                rt_timer_stop
 .text.rt_timer_control
                0x0000000080004bd4       0xf8 build/kernel/src/timer.o
                0x0000000080004bd4                rt_timer_control
 .text.rt_timer_check
                0x0000000080004ccc      0x168 build/kernel/src/timer.o
                0x0000000080004ccc                rt_timer_check
 .text.rt_soft_timer_check
                0x0000000080004e34      0x18c build/kernel/src/timer.o
                0x0000000080004e34                rt_soft_timer_check
 .text.rt_thread_timer_entry
                0x0000000080004fc0       0x70 build/kernel/src/timer.o
 .text.rt_system_timer_init
                0x0000000080005030       0x14 build/kernel/src/timer.o
                0x0000000080005030                rt_system_timer_init
 .text.rt_system_timer_thread_init
                0x0000000080005044       0x68 build/kernel/src/timer.o
                0x0000000080005044                rt_system_timer_thread_init
 .text.rt_ipc_list_resume.isra.0
                0x00000000800050ac        0x8 build/kernel/src/ipc.o
 .text.rt_ipc_list_suspend.isra.0
                0x00000000800050b4       0xc8 build/kernel/src/ipc.o
 .text.rt_sem_init
                0x000000008000517c       0xa8 build/kernel/src/ipc.o
                0x000000008000517c                rt_sem_init
 .text.rt_sem_take
                0x0000000080005224      0x1c0 build/kernel/src/ipc.o
                0x0000000080005224                rt_sem_take
 .text.rt_sem_release
                0x00000000800053e4       0xe8 build/kernel/src/ipc.o
                0x00000000800053e4                rt_sem_release
 .text.rt_mutex_init
                0x00000000800054cc       0x80 build/kernel/src/ipc.o
                0x00000000800054cc                rt_mutex_init
 .text.rt_mutex_take
                0x000000008000554c      0x22c build/kernel/src/ipc.o
                0x000000008000554c                rt_mutex_take
 .text.rt_mutex_release
                0x0000000080005778      0x200 build/kernel/src/ipc.o
                0x0000000080005778                rt_mutex_release
 .text.rt_thread_defunct_enqueue
                0x0000000080005978       0x24 build/kernel/src/idle.o
                0x0000000080005978                rt_thread_defunct_enqueue
 .text.rt_thread_defunct_dequeue
                0x000000008000599c       0x34 build/kernel/src/idle.o
                0x000000008000599c                rt_thread_defunct_dequeue
 .text.rt_thread_idle_entry
                0x00000000800059d0      0x118 build/kernel/src/idle.o
 .text.rt_thread_idle_init
                0x0000000080005ae8       0x6c build/kernel/src/idle.o
                0x0000000080005ae8                rt_thread_idle_init
 .text.rt_hw_interrupt_handle
                0x0000000080005b54       0x28 /home/ddddddd/my_learn/cpu_relative/prog/src/rtthread/libcpu/risc-v/virt64/interrupt.o
 .text.rt_hw_interrupt_init
                0x0000000080005b7c       0x2c /home/ddddddd/my_learn/cpu_relative/prog/src/rtthread/libcpu/risc-v/virt64/interrupt.o
                0x0000000080005b7c                rt_hw_interrupt_init
 .text.rt_hw_interrupt_umask
                0x0000000080005ba8       0x34 /home/ddddddd/my_learn/cpu_relative/prog/src/rtthread/libcpu/risc-v/virt64/interrupt.o
                0x0000000080005ba8                rt_hw_interrupt_umask
 .text.rt_hw_interrupt_install
                0x0000000080005bdc       0x34 /home/ddddddd/my_learn/cpu_relative/prog/src/rtthread/libcpu/risc-v/virt64/interrupt.o
                0x0000000080005bdc                rt_hw_interrupt_install
 .text.dump_regs
                0x0000000080005c10      0x2c8 /home/ddddddd/my_learn/cpu_relative/prog/src/rtthread/libcpu/risc-v/virt64/interrupt.o
                0x0000000080005c10                dump_regs
 .text.handle_trap
                0x0000000080005ed8      0x224 /home/ddddddd/my_learn/cpu_relative/prog/src/rtthread/libcpu/risc-v/virt64/interrupt.o
                0x0000000080005ed8                handle_trap
 .text.rt_hw_stack_init
                0x00000000800060fc       0x58 /home/ddddddd/my_learn/cpu_relative/prog/src/rtthread/libcpu/risc-v/virt64/cpuport.o
                0x00000000800060fc                rt_hw_stack_init
 .text.rt_hw_context_switch_interrupt
                0x0000000080006154       0x2c /home/ddddddd/my_learn/cpu_relative/prog/src/rtthread/libcpu/risc-v/virt64/cpuport.o
                0x0000000080006154                rt_hw_context_switch_interrupt
 .text.tick_isr
                0x0000000080006180       0x4c /home/ddddddd/my_learn/cpu_relative/prog/src/rtthread/libcpu/risc-v/virt64/tick.o
                0x0000000080006180                tick_isr
 .text.rt_hw_tick_init
                0x00000000800061cc       0x48 /home/ddddddd/my_learn/cpu_relative/prog/src/rtthread/libcpu/risc-v/virt64/tick.o
                0x00000000800061cc                rt_hw_tick_init
 .text.entry    0x0000000080006214      0x10c /home/ddddddd/my_learn/cpu_relative/prog/src/rtthread/libcpu/risc-v/virt64/interrupt_gcc.o
                0x0000000080006214                trap_entry
 .text.rt_list_len
                0x0000000080006320       0x20 build/kernel/components/finsh/cmd.o
 .text.hello    0x0000000080006340       0x24 build/kernel/components/finsh/cmd.o
                0x0000000080006340                hello
 .text.clear    0x0000000080006364       0x24 build/kernel/components/finsh/cmd.o
 .text.show_wait_queue
                0x0000000080006388       0x74 build/kernel/components/finsh/cmd.o
 .text.version  0x00000000800063fc       0x1c build/kernel/components/finsh/cmd.o
                0x00000000800063fc                version
 .text.list     0x0000000080006418       0xa4 build/kernel/components/finsh/cmd.o
                0x0000000080006418                list
 .text.list_get_next
                0x00000000800064bc       0xe0 build/kernel/components/finsh/cmd.o
 .text.object_split.constprop.0
                0x000000008000659c       0x44 build/kernel/components/finsh/cmd.o
 .text.list_timer
                0x00000000800065e0      0x164 build/kernel/components/finsh/cmd.o
                0x00000000800065e0                list_timer
 .text.list_thread
                0x0000000080006744      0x24c build/kernel/components/finsh/cmd.o
                0x0000000080006744                list_thread
 .text.list_sem
                0x0000000080006990      0x190 build/kernel/components/finsh/cmd.o
                0x0000000080006990                list_sem
 .text.list_event
                0x0000000080006b20      0x184 build/kernel/components/finsh/cmd.o
                0x0000000080006b20                list_event
 .text.list_mutex
                0x0000000080006ca4      0x130 build/kernel/components/finsh/cmd.o
                0x0000000080006ca4                list_mutex
 .text.list_mailbox
                0x0000000080006dd4      0x198 build/kernel/components/finsh/cmd.o
                0x0000000080006dd4                list_mailbox
 .text.list_msgqueue
                0x0000000080006f6c      0x190 build/kernel/components/finsh/cmd.o
                0x0000000080006f6c                list_msgqueue
 .text.list_mempool
                0x00000000800070fc      0x188 build/kernel/components/finsh/cmd.o
                0x00000000800070fc                list_mempool
 .text.list_device
                0x0000000080007284      0x15c build/kernel/components/finsh/cmd.o
                0x0000000080007284                list_device
 .text.finsh_rx_ind
                0x00000000800073e0       0x50 build/kernel/components/finsh/shell.o
 .text.finsh_get_prompt
                0x0000000080007430       0xd4 build/kernel/components/finsh/shell.o
                0x0000000080007430                finsh_get_prompt
 .text.shell_handle_history.isra.0
                0x0000000080007504       0x40 build/kernel/components/finsh/shell.o
 .text.finsh_set_prompt_mode
                0x0000000080007544       0x6c build/kernel/components/finsh/shell.o
                0x0000000080007544                finsh_set_prompt_mode
 .text.finsh_system_init
                0x00000000800075b0       0xf0 build/kernel/components/finsh/shell.o
                0x00000000800075b0                finsh_system_init
 .text.finsh_set_device
                0x00000000800076a0      0x108 build/kernel/components/finsh/shell.o
                0x00000000800076a0                finsh_set_device
 .text.finsh_thread_entry
                0x00000000800077a8      0x5bc build/kernel/components/finsh/shell.o
                0x00000000800077a8                finsh_thread_entry
 .text.cmd_ls   0x0000000080007d64       0x34 build/kernel/components/finsh/msh_file.o
 .text.cmd_pwd  0x0000000080007d98       0x2c build/kernel/components/finsh/msh_file.o
 .text.directory_delete_for_msh
                0x0000000080007dc4      0x244 build/kernel/components/finsh/msh_file.o
 .text.cmd_rm   0x0000000080008008      0x1e8 build/kernel/components/finsh/msh_file.o
 .text.cmd_mkfs
                0x00000000800081f0       0x88 build/kernel/components/finsh/msh_file.o
 .text.cmd_mount
                0x0000000080008278      0x10c build/kernel/components/finsh/msh_file.o
 .text.cmd_umount
                0x0000000080008384       0x74 build/kernel/components/finsh/msh_file.o
 .text.cmd_tail
                0x00000000800083f8      0x1b8 build/kernel/components/finsh/msh_file.o
 .text.cmd_cp   0x00000000800085b0       0x4c build/kernel/components/finsh/msh_file.o
 .text.cmd_mv   0x00000000800085fc      0x13c build/kernel/components/finsh/msh_file.o
 .text.cmd_cat  0x0000000080008738       0x80 build/kernel/components/finsh/msh_file.o
 .text.cmd_cd   0x00000000800087b8       0x64 build/kernel/components/finsh/msh_file.o
 .text.cmd_mkdir
                0x000000008000881c       0x4c build/kernel/components/finsh/msh_file.o
 .text.cmd_df   0x0000000080008868       0x78 build/kernel/components/finsh/msh_file.o
 .text.cmd_echo
                0x00000000800088e0       0xb0 build/kernel/components/finsh/msh_file.o
 .text.msh_exec_script
                0x0000000080008990      0x234 build/kernel/components/finsh/msh_file.o
                0x0000000080008990                msh_exec_script
 .text.msh_help
                0x0000000080008bc4       0xb0 build/kernel/components/finsh/msh.o
                0x0000000080008bc4                msh_help
 .text.cmd_ps   0x0000000080008c74       0x1c build/kernel/components/finsh/msh.o
                0x0000000080008c74                cmd_ps
 .text.cmd_free
                0x0000000080008c90       0x1c build/kernel/components/finsh/msh.o
                0x0000000080008c90                cmd_free
 .text.msh_is_used
                0x0000000080008cac        0x8 build/kernel/components/finsh/msh.o
                0x0000000080008cac                msh_is_used
 .text.msh_exec
                0x0000000080008cb4      0x29c build/kernel/components/finsh/msh.o
                0x0000000080008cb4                msh_exec
 .text.msh_auto_complete_path
                0x0000000080008f50      0x274 build/kernel/components/finsh/msh.o
                0x0000000080008f50                msh_auto_complete_path
 .text.msh_auto_complete
                0x00000000800091c4      0x1a0 build/kernel/components/finsh/msh.o
                0x00000000800091c4                msh_auto_complete
 .text.dfs_register
                0x0000000080009364       0xd8 build/kernel/components/dfs/src/dfs_fs.o
                0x0000000080009364                dfs_register
 .text.dfs_filesystem_lookup
                0x000000008000943c      0x128 build/kernel/components/dfs/src/dfs_fs.o
                0x000000008000943c                dfs_filesystem_lookup
 .text.dfs_mount
                0x0000000080009564      0x280 build/kernel/components/dfs/src/dfs_fs.o
                0x0000000080009564                dfs_mount
 .text.dfs_unmount
                0x00000000800097e4       0xe4 build/kernel/components/dfs/src/dfs_fs.o
                0x00000000800097e4                dfs_unmount
 .text.dfs_mkfs
                0x00000000800098c8      0x15c build/kernel/components/dfs/src/dfs_fs.o
                0x00000000800098c8                dfs_mkfs
 .text.mkfs     0x0000000080009a24        0x4 build/kernel/components/dfs/src/dfs_fs.o
                0x0000000080009a24                mkfs
 .text.dfs_statfs
                0x0000000080009a28       0x40 build/kernel/components/dfs/src/dfs_fs.o
                0x0000000080009a28                dfs_statfs
 .text.df       0x0000000080009a68      0x110 build/kernel/components/dfs/src/dfs_fs.o
                0x0000000080009a68                df
 .text.mkdir    0x0000000080009b78       0xa0 build/kernel/components/dfs/src/dfs_posix.o
                0x0000000080009b78                mkdir
 .text.open     0x0000000080009c18       0xac build/kernel/components/dfs/src/dfs_posix.o
                0x0000000080009c18                open
 .text.close    0x0000000080009cc4       0x68 build/kernel/components/dfs/src/dfs_posix.o
                0x0000000080009cc4                close
 .text.read     0x0000000080009d2c       0x74 build/kernel/components/dfs/src/dfs_posix.o
                0x0000000080009d2c                read
 .text.write    0x0000000080009da0       0x74 build/kernel/components/dfs/src/dfs_posix.o
                0x0000000080009da0                write
 .text.lseek    0x0000000080009e14       0xb4 build/kernel/components/dfs/src/dfs_posix.o
                0x0000000080009e14                lseek
 .text.rename   0x0000000080009ec8       0x2c build/kernel/components/dfs/src/dfs_posix.o
                0x0000000080009ec8                rename
 .text.unlink   0x0000000080009ef4       0x2c build/kernel/components/dfs/src/dfs_posix.o
                0x0000000080009ef4                unlink
 .text.stat     0x0000000080009f20       0x2c build/kernel/components/dfs/src/dfs_posix.o
                0x0000000080009f20                stat
 .text.opendir  0x0000000080009f4c       0xc4 build/kernel/components/dfs/src/dfs_posix.o
                0x0000000080009f4c                opendir
 .text.readdir  0x000000008000a010       0xc8 build/kernel/components/dfs/src/dfs_posix.o
                0x000000008000a010                readdir
 .text.rewinddir
                0x000000008000a0d8       0x68 build/kernel/components/dfs/src/dfs_posix.o
                0x000000008000a0d8                rewinddir
 .text.closedir
                0x000000008000a140       0x7c build/kernel/components/dfs/src/dfs_posix.o
                0x000000008000a140                closedir
 .text.chdir    0x000000008000a1bc       0xb8 build/kernel/components/dfs/src/dfs_posix.o
                0x000000008000a1bc                chdir
 .text.getcwd   0x000000008000a274       0x44 build/kernel/components/dfs/src/dfs_posix.o
                0x000000008000a274                getcwd
 .text.list_fd  0x000000008000a2b8      0x1a0 build/kernel/components/dfs/src/dfs.o
                0x000000008000a2b8                list_fd
 .text.dfs_init
                0x000000008000a458       0xe8 build/kernel/components/dfs/src/dfs.o
                0x000000008000a458                dfs_init
 .text.dfs_lock
                0x000000008000a540       0x6c build/kernel/components/dfs/src/dfs.o
                0x000000008000a540                dfs_lock
 .text.dfs_unlock
                0x000000008000a5ac        0xc build/kernel/components/dfs/src/dfs.o
                0x000000008000a5ac                dfs_unlock
 .text.fd_new   0x000000008000a5b8      0x168 build/kernel/components/dfs/src/dfs.o
                0x000000008000a5b8                fd_new
 .text.fd_get   0x000000008000a720       0x90 build/kernel/components/dfs/src/dfs.o
                0x000000008000a720                fd_get
 .text.fd_put   0x000000008000a7b0       0xa8 build/kernel/components/dfs/src/dfs.o
                0x000000008000a7b0                fd_put
 .text.dfs_subdir
                0x000000008000a858       0x5c build/kernel/components/dfs/src/dfs.o
                0x000000008000a858                dfs_subdir
 .text.dfs_normalize_path
                0x000000008000a8b4      0x1e8 build/kernel/components/dfs/src/dfs.o
                0x000000008000a8b4                dfs_normalize_path
 .text.fd_is_open
                0x000000008000aa9c      0x118 build/kernel/components/dfs/src/dfs.o
                0x000000008000aa9c                fd_is_open
 .text.dfs_file_open
                0x000000008000abb4      0x15c build/kernel/components/dfs/src/dfs_file.o
                0x000000008000abb4                dfs_file_open
 .text.dfs_file_close
                0x000000008000ad10       0x60 build/kernel/components/dfs/src/dfs_file.o
                0x000000008000ad10                dfs_file_close
 .text.dfs_file_read
                0x000000008000ad70       0x60 build/kernel/components/dfs/src/dfs_file.o
                0x000000008000ad70                dfs_file_read
 .text.cat      0x000000008000add0       0xac build/kernel/components/dfs/src/dfs_file.o
                0x000000008000add0                cat
 .text.dfs_file_getdents
                0x000000008000ae7c       0x34 build/kernel/components/dfs/src/dfs_file.o
                0x000000008000ae7c                dfs_file_getdents
 .text.dfs_file_unlink
                0x000000008000aeb0       0xe4 build/kernel/components/dfs/src/dfs_file.o
                0x000000008000aeb0                dfs_file_unlink
 .text.rm       0x000000008000af94       0x38 build/kernel/components/dfs/src/dfs_file.o
                0x000000008000af94                rm
 .text.dfs_file_write
                0x000000008000afcc       0x24 build/kernel/components/dfs/src/dfs_file.o
                0x000000008000afcc                dfs_file_write
 .text.copyfile
                0x000000008000aff0      0x12c build/kernel/components/dfs/src/dfs_file.o
 .text.dfs_file_lseek
                0x000000008000b11c       0x54 build/kernel/components/dfs/src/dfs_file.o
                0x000000008000b11c                dfs_file_lseek
 .text.dfs_file_stat
                0x000000008000b170      0x164 build/kernel/components/dfs/src/dfs_file.o
                0x000000008000b170                dfs_file_stat
 .text.ls       0x000000008000b2d4      0x1ac build/kernel/components/dfs/src/dfs_file.o
                0x000000008000b2d4                ls
 .text.copydir  0x000000008000b480      0x1c0 build/kernel/components/dfs/src/dfs_file.o
 .text.copy     0x000000008000b640      0x18c build/kernel/components/dfs/src/dfs_file.o
                0x000000008000b640                copy
 .text.dfs_file_rename
                0x000000008000b7cc       0xfc build/kernel/components/dfs/src/dfs_file.o
                0x000000008000b7cc                dfs_file_rename
 .text.dfs_device_fs_mount
                0x000000008000b8c8        0x8 build/kernel/components/dfs/filesystems/devfs/devfs.o
                0x000000008000b8c8                dfs_device_fs_mount
 .text.dfs_device_fs_poll
                0x000000008000b8d0        0x8 build/kernel/components/dfs/filesystems/devfs/devfs.o
 .text.dfs_device_fs_ioctl
                0x000000008000b8d8       0x88 build/kernel/components/dfs/filesystems/devfs/devfs.o
                0x000000008000b8d8                dfs_device_fs_ioctl
 .text.dfs_device_fs_read
                0x000000008000b960       0xa0 build/kernel/components/dfs/filesystems/devfs/devfs.o
                0x000000008000b960                dfs_device_fs_read
 .text.dfs_device_fs_write
                0x000000008000ba00       0xa0 build/kernel/components/dfs/filesystems/devfs/devfs.o
                0x000000008000ba00                dfs_device_fs_write
 .text.dfs_device_fs_close
                0x000000008000baa0       0xb4 build/kernel/components/dfs/filesystems/devfs/devfs.o
                0x000000008000baa0                dfs_device_fs_close
 .text.dfs_device_fs_stat
                0x000000008000bb54       0xa4 build/kernel/components/dfs/filesystems/devfs/devfs.o
                0x000000008000bb54                dfs_device_fs_stat
 .text.dfs_device_fs_open
                0x000000008000bbf8      0x158 build/kernel/components/dfs/filesystems/devfs/devfs.o
                0x000000008000bbf8                dfs_device_fs_open
 .text.dfs_device_fs_getdents
                0x000000008000bd50      0x108 build/kernel/components/dfs/filesystems/devfs/devfs.o
                0x000000008000bd50                dfs_device_fs_getdents
 .text.devfs_init
                0x000000008000be58       0x24 build/kernel/components/dfs/filesystems/devfs/devfs.o
                0x000000008000be58                devfs_init
 .text.dfs_romfs_mount
                0x000000008000be7c       0x18 build/kernel/components/dfs/filesystems/romfs/dfs_romfs.o
                0x000000008000be7c                dfs_romfs_mount
 .text.dfs_romfs_unmount
                0x000000008000be94        0x8 build/kernel/components/dfs/filesystems/romfs/dfs_romfs.o
                0x000000008000be94                dfs_romfs_unmount
 .text.dfs_romfs_ioctl
                0x000000008000be9c        0x8 build/kernel/components/dfs/filesystems/romfs/dfs_romfs.o
                0x000000008000be9c                dfs_romfs_ioctl
 .text.check_dirent
                0x000000008000bea4       0x28 build/kernel/components/dfs/filesystems/romfs/dfs_romfs.o
 .text.dfs_romfs_lseek
                0x000000008000becc       0x1c build/kernel/components/dfs/filesystems/romfs/dfs_romfs.o
                0x000000008000becc                dfs_romfs_lseek
 .text.dfs_romfs_close
                0x000000008000bee8        0xc build/kernel/components/dfs/filesystems/romfs/dfs_romfs.o
                0x000000008000bee8                dfs_romfs_close
 .text.dfs_romfs_read
                0x000000008000bef4       0xb8 build/kernel/components/dfs/filesystems/romfs/dfs_romfs.o
                0x000000008000bef4                dfs_romfs_read
 .text.dfs_romfs_getdents
                0x000000008000bfac      0x148 build/kernel/components/dfs/filesystems/romfs/dfs_romfs.o
                0x000000008000bfac                dfs_romfs_getdents
 .text.dfs_romfs_init
                0x000000008000c0f4       0x24 build/kernel/components/dfs/filesystems/romfs/dfs_romfs.o
                0x000000008000c0f4                dfs_romfs_init
 .text.dfs_romfs_lookup
                0x000000008000c118      0x16c build/kernel/components/dfs/filesystems/romfs/dfs_romfs.o
                0x000000008000c118                dfs_romfs_lookup
 .text.dfs_romfs_open
                0x000000008000c284       0xac build/kernel/components/dfs/filesystems/romfs/dfs_romfs.o
                0x000000008000c284                dfs_romfs_open
 .text.dfs_romfs_stat
                0x000000008000c330       0x70 build/kernel/components/dfs/filesystems/romfs/dfs_romfs.o
                0x000000008000c330                dfs_romfs_stat
 .text.rt_serial_control
                0x000000008000c3a0      0x114 build/kernel/components/drivers/serial/serial.o
 .text._serial_fifo_calc_recved_len
                0x000000008000c4b4       0x98 build/kernel/components/drivers/serial/serial.o
 .text.rt_serial_init
                0x000000008000c54c       0x6c build/kernel/components/drivers/serial/serial.o
 .text.rt_serial_open
                0x000000008000c5b8      0x36c build/kernel/components/drivers/serial/serial.o
 .text.rt_serial_write
                0x000000008000c924      0x1e4 build/kernel/components/drivers/serial/serial.o
 .text.rt_serial_read
                0x000000008000cb08      0x37c build/kernel/components/drivers/serial/serial.o
 .text.rt_serial_close
                0x000000008000ce84      0x1f0 build/kernel/components/drivers/serial/serial.o
 .text._serial_check_buffer_size
                0x000000008000d074       0x58 build/kernel/components/drivers/serial/serial.o
 .text.rt_hw_serial_register
                0x000000008000d0cc       0xc8 build/kernel/components/drivers/serial/serial.o
                0x000000008000d0cc                rt_hw_serial_register
 .text.rt_hw_serial_isr
                0x000000008000d194      0x37c build/kernel/components/drivers/serial/serial.o
                0x000000008000d194                rt_hw_serial_isr
 .text.rt_completion_init
                0x000000008000d510       0x50 build/kernel/components/drivers/src/completion.o
                0x000000008000d510                rt_completion_init
 .text.rt_completion_wait
                0x000000008000d560      0x168 build/kernel/components/drivers/src/completion.o
                0x000000008000d560                rt_completion_wait
 .text.rt_completion_done
                0x000000008000d6c8       0xb0 build/kernel/components/drivers/src/completion.o
                0x000000008000d6c8                rt_completion_done
 .text.rt_data_queue_init
                0x000000008000d778       0xd0 build/kernel/components/drivers/src/dataqueue.o
                0x000000008000d778                rt_data_queue_init
 .text.rt_data_queue_push
                0x000000008000d848      0x28c build/kernel/components/drivers/src/dataqueue.o
                0x000000008000d848                rt_data_queue_push
 .text.rt_data_queue_peek
                0x000000008000dad4       0xec build/kernel/components/drivers/src/dataqueue.o
                0x000000008000dad4                rt_data_queue_peek
 .text.rt_data_queue_reset
                0x000000008000dbc0       0xfc build/kernel/components/drivers/src/dataqueue.o
                0x000000008000dbc0                rt_data_queue_reset
 .text.rt_data_queue_deinit
                0x000000008000dcbc       0x84 build/kernel/components/drivers/src/dataqueue.o
                0x000000008000dcbc                rt_data_queue_deinit
 .text.rt_data_queue_len
                0x000000008000dd40       0xd4 build/kernel/components/drivers/src/dataqueue.o
                0x000000008000dd40                rt_data_queue_len
 .text.rt_data_queue_pop
                0x000000008000de14      0x324 build/kernel/components/drivers/src/dataqueue.o
                0x000000008000de14                rt_data_queue_pop
 .text.rt_pin_mode
                0x000000008000e138       0x74 build/kernel/components/drivers/misc/pin.o
                0x000000008000e138                rt_pin_mode
 .text.rt_pin_write
                0x000000008000e1ac       0x74 build/kernel/components/drivers/misc/pin.o
                0x000000008000e1ac                rt_pin_write
 .text.rt_pin_read
                0x000000008000e220       0x64 build/kernel/components/drivers/misc/pin.o
                0x000000008000e220                rt_pin_read
 .text.rt_pin_get
                0x000000008000e284       0x9c build/kernel/components/drivers/misc/pin.o
                0x000000008000e284                rt_pin_get
 *(.rodata)
 *(.rodata*)
 *fill*         0x000000008000e320        0x0 
 .rodata.thread_sample.str1.8
                0x000000008000e320       0x29 build/applications/main.o
 *fill*         0x000000008000e349        0x7 
 .rodata.main.str1.8
                0x000000008000e350        0xf build/applications/main.o
 *fill*         0x000000008000e35f        0x1 
 .rodata.Motor_MotorGroupsPID_Clac.str1.8
                0x000000008000e360       0x3b build/applications/motor_periph.o
 *fill*         0x000000008000e39b        0x5 
 .rodata.Motor_Chassis_Decoder.str1.8
                0x000000008000e3a0        0x7 build/applications/motor_periph.o
 *fill*         0x000000008000e3a7        0x1 
 .rodata.chassis_motor_rx
                0x000000008000e3a8       0x10 build/applications/motor_periph.o
 .rodata.chassis_motor_tx
                0x000000008000e3b8       0x10 build/applications/motor_periph.o
 .rodata.plic_claim.str1.8
                0x000000008000e3c8        0xa build/driver/plic.o
 *fill*         0x000000008000e3d2        0x6 
 .rodata.rt_uart_configure.str1.8
                0x000000008000e3d8       0x12 build/driver/drv_uart.o
 *fill*         0x000000008000e3ea        0x6 
 .rodata.uart_control.str1.8
                0x000000008000e3f0       0x10 build/driver/drv_uart.o
 .rodata.rt_hw_uart_init.str1.8
                0x000000008000e400        0x5 build/driver/drv_uart.o
 *fill*         0x000000008000e405        0x3 
 .rodata.__FUNCTION__.0
                0x000000008000e408       0x12 build/driver/drv_uart.o
 *fill*         0x000000008000e41a        0x6 
 .rodata.__FUNCTION__.1
                0x000000008000e420        0xd build/driver/drv_uart.o
 *fill*         0x000000008000e42d        0x3 
 .rodata._uart_ops
                0x000000008000e430       0x28 build/driver/drv_uart.o
                0x000000008000e430                _uart_ops
 .rodata.rt_hw_board_init.str1.8
                0x000000008000e458       0x19 build/driver/board.o
                                         0x21 (size before relaxing)
 *fill*         0x000000008000e471        0x7 
 .rodata.name   0x000000008000e478       0x1d build/driver/board.o
                0x000000008000e478                __fsym___cmd_reboot_desc
                0x000000008000e488                __fsym___cmd_reboot_name
 *fill*         0x000000008000e495        0x3 
 .rodata.rt_device_unregister.str1.8
                0x000000008000e498       0x78 build/kernel/src/device.o
 .rodata.rt_device_init.str1.8
                0x000000008000e510       0x36 build/kernel/src/device.o
 *fill*         0x000000008000e546        0x2 
 .rodata.rt_device_open.str1.8
                0x000000008000e548       0x14 build/kernel/src/device.o
 *fill*         0x000000008000e55c        0x4 
 .rodata.__FUNCTION__.1
                0x000000008000e560       0x1a build/kernel/src/device.o
 *fill*         0x000000008000e57a        0x6 
 .rodata.__FUNCTION__.2
                0x000000008000e580       0x12 build/kernel/src/device.o
 *fill*         0x000000008000e592        0x6 
 .rodata.__FUNCTION__.3
                0x000000008000e598       0x10 build/kernel/src/device.o
 .rodata.__FUNCTION__.4
                0x000000008000e5a8        0xf build/kernel/src/device.o
 *fill*         0x000000008000e5b7        0x1 
 .rodata.__FUNCTION__.5
                0x000000008000e5b8       0x10 build/kernel/src/device.o
 .rodata.__FUNCTION__.6
                0x000000008000e5c8        0xf build/kernel/src/device.o
 *fill*         0x000000008000e5d7        0x1 
 .rodata.list_mem.str1.8
                0x000000008000e5d8       0x4e build/kernel/src/mem.o
 *fill*         0x000000008000e626        0x2 
 .rodata.memtrace.str1.8
                0x000000008000e628       0xbf build/kernel/src/mem.o
                                         0xc2 (size before relaxing)
 *fill*         0x000000008000e6e7        0x1 
 .rodata.plug_holes.str1.8
                0x000000008000e6e8       0x5f build/kernel/src/mem.o
 *fill*         0x000000008000e747        0x1 
 .rodata.memcheck.str1.8
                0x000000008000e748       0x64 build/kernel/src/mem.o
 *fill*         0x000000008000e7ac        0x4 
 .rodata.rt_system_heap_init.str1.8
                0x000000008000e7b0       0x7a build/kernel/src/mem.o
 *fill*         0x000000008000e82a        0x6 
 .rodata.rt_malloc.str1.8
                0x000000008000e830       0xf3 build/kernel/src/mem.o
 *fill*         0x000000008000e923        0x5 
 .rodata.rt_free.str1.8
                0x000000008000e928      0x109 build/kernel/src/mem.o
 *fill*         0x000000008000ea31        0x7 
 .rodata.__FUNCTION__.1
                0x000000008000ea38        0xb build/kernel/src/mem.o
 *fill*         0x000000008000ea43        0x5 
 .rodata.__FUNCTION__.2
                0x000000008000ea48        0xb build/kernel/src/mem.o
 *fill*         0x000000008000ea53        0x5 
 .rodata.__FUNCTION__.3
                0x000000008000ea58        0xa build/kernel/src/mem.o
 *fill*         0x000000008000ea62        0x6 
 .rodata.__FUNCTION__.4
                0x000000008000ea68       0x14 build/kernel/src/mem.o
 *fill*         0x000000008000ea7c        0x4 
 .rodata.name   0x000000008000ea80       0x81 build/kernel/src/mem.o
                0x000000008000ea80                __fsym___cmd_memtrace_desc
                0x000000008000eaa0                __fsym___cmd_memtrace_name
                0x000000008000eab0                __fsym___cmd_memcheck_desc
                0x000000008000eac8                __fsym___cmd_memcheck_name
                0x000000008000ead8                __fsym_list_mem_desc
                0x000000008000eaf8                __fsym_list_mem_name
 *fill*         0x000000008000eb01        0x7 
 .rodata._rt_thread_init.constprop.0.str1.8
                0x000000008000eb08       0x22 build/kernel/src/thread.o
 *fill*         0x000000008000eb2a        0x6 
 .rodata.rt_thread_timeout.str1.8
                0x000000008000eb30       0x9a build/kernel/src/thread.o
 *fill*         0x000000008000ebca        0x6 
 .rodata.rt_thread_init.str1.8
                0x000000008000ebd0       0x17 build/kernel/src/thread.o
 *fill*         0x000000008000ebe7        0x1 
 .rodata.rt_thread_detach.str1.8
                0x000000008000ebe8       0x2f build/kernel/src/thread.o
 *fill*         0x000000008000ec17        0x1 
 .rodata.rt_thread_create.str1.8
                0x000000008000ec18        0x6 build/kernel/src/thread.o
 *fill*         0x000000008000ec1e        0x2 
 .rodata.rt_thread_delete.str1.8
                0x000000008000ec20       0x3b build/kernel/src/thread.o
 *fill*         0x000000008000ec5b        0x5 
 .rodata.rt_thread_suspend.str1.8
                0x000000008000ec60       0x1b build/kernel/src/thread.o
 *fill*         0x000000008000ec7b        0x5 
 .rodata.rt_thread_startup.str1.8
                0x000000008000ec80       0x37 build/kernel/src/thread.o
 *fill*         0x000000008000ecb7        0x1 
 .rodata.__FUNCTION__.0
                0x000000008000ecb8       0x12 build/kernel/src/thread.o
 *fill*         0x000000008000ecca        0x6 
 .rodata.__FUNCTION__.1
                0x000000008000ecd0       0x11 build/kernel/src/thread.o
 *fill*         0x000000008000ece1        0x7 
 .rodata.__FUNCTION__.10
                0x000000008000ece8        0xf build/kernel/src/thread.o
 *fill*         0x000000008000ecf7        0x1 
 .rodata.__FUNCTION__.2
                0x000000008000ecf8       0x12 build/kernel/src/thread.o
 *fill*         0x000000008000ed0a        0x6 
 .rodata.__FUNCTION__.3
                0x000000008000ed10       0x12 build/kernel/src/thread.o
 *fill*         0x000000008000ed22        0x6 
 .rodata.__FUNCTION__.5
                0x000000008000ed28       0x10 build/kernel/src/thread.o
 .rodata.__FUNCTION__.6
                0x000000008000ed38       0x11 build/kernel/src/thread.o
 *fill*         0x000000008000ed49        0x7 
 .rodata.__FUNCTION__.7
                0x000000008000ed50       0x11 build/kernel/src/thread.o
 *fill*         0x000000008000ed61        0x7 
 .rodata.__FUNCTION__.8
                0x000000008000ed68       0x12 build/kernel/src/thread.o
 *fill*         0x000000008000ed7a        0x6 
 .rodata.__FUNCTION__.9
                0x000000008000ed80       0x10 build/kernel/src/thread.o
 .rodata.rt_vsnprintf.str1.8
                0x000000008000ed90        0x7 build/kernel/src/kservice.o
 *fill*         0x000000008000ed97        0x1 
 .rodata.rt_vsnprintf
                0x000000008000ed98       0x58 build/kernel/src/kservice.o
 .rodata.rt_show_version.str1.8
                0x000000008000edf0       0x92 build/kernel/src/kservice.o
 *fill*         0x000000008000ee82        0x6 
 .rodata.rt_assert_handler.str1.8
                0x000000008000ee88       0x37 build/kernel/src/kservice.o
 *fill*         0x000000008000eebf        0x1 
 .rodata.__lowest_bit_bitmap
                0x000000008000eec0      0x100 build/kernel/src/kservice.o
                0x000000008000eec0                __lowest_bit_bitmap
 .rodata.large_digits.2
                0x000000008000efc0       0x11 build/kernel/src/kservice.o
 *fill*         0x000000008000efd1        0x7 
 .rodata.small_digits.1
                0x000000008000efd8       0x11 build/kernel/src/kservice.o
 *fill*         0x000000008000efe9        0x7 
 .rodata.rt_object_init.str1.8
                0x000000008000eff0       0x26 build/kernel/src/object.o
 *fill*         0x000000008000f016        0x2 
 .rodata.rt_object_detach.str1.8
                0x000000008000f018       0x12 build/kernel/src/object.o
 *fill*         0x000000008000f02a        0x6 
 .rodata.rt_object_allocate.str1.8
                0x000000008000f030        0xb build/kernel/src/object.o
                                         0x3b (size before relaxing)
 *fill*         0x000000008000f03b        0x5 
 .rodata.rt_object_delete.str1.8
                0x000000008000f040       0x29 build/kernel/src/object.o
 *fill*         0x000000008000f069        0x7 
 .rodata.__FUNCTION__.0
                0x000000008000f070        0xf build/kernel/src/object.o
 *fill*         0x000000008000f07f        0x1 
 .rodata.__FUNCTION__.1
                0x000000008000f080       0x13 build/kernel/src/object.o
 *fill*         0x000000008000f093        0x5 
 .rodata.__FUNCTION__.2
                0x000000008000f098       0x1a build/kernel/src/object.o
 *fill*         0x000000008000f0b2        0x6 
 .rodata.__FUNCTION__.3
                0x000000008000f0b8       0x11 build/kernel/src/object.o
 *fill*         0x000000008000f0c9        0x7 
 .rodata.__FUNCTION__.4
                0x000000008000f0d0       0x13 build/kernel/src/object.o
 *fill*         0x000000008000f0e3        0x5 
 .rodata.__FUNCTION__.5
                0x000000008000f0e8       0x11 build/kernel/src/object.o
 *fill*         0x000000008000f0f9        0x7 
 .rodata.__FUNCTION__.6
                0x000000008000f100        0xf build/kernel/src/object.o
 *fill*         0x000000008000f10f        0x1 
 .rodata.rt_application_init.str1.8
                0x000000008000f110       0x27 build/kernel/src/components.o
 *fill*         0x000000008000f137        0x1 
 .rodata.__FUNCTION__.0
                0x000000008000f138       0x14 build/kernel/src/components.o
 .rodata.rt_schedule_insert_thread.str1.8
                0x000000008000f14c       0x12 build/kernel/src/scheduler.o
 *fill*         0x000000008000f14c        0x4 
 .rodata.__FUNCTION__.0
                0x000000008000f150       0x1a build/kernel/src/scheduler.o
 *fill*         0x000000008000f16a        0x6 
 .rodata.__FUNCTION__.1
                0x000000008000f170       0x1a build/kernel/src/scheduler.o
 *fill*         0x000000008000f18a        0x6 
 .rodata.rt_timer_init.str1.8
                0x000000008000f190       0x11 build/kernel/src/timer.o
 *fill*         0x000000008000f1a1        0x7 
 .rodata.rt_timer_detach.str1.8
                0x000000008000f1a8       0x6a build/kernel/src/timer.o
 *fill*         0x000000008000f212        0x6 
 .rodata.rt_timer_start.str1.8
                0x000000008000f218       0x23 build/kernel/src/timer.o
 *fill*         0x000000008000f23b        0x1 
 .rodata.rt_timer_control
                0x000000008000f23c       0x14 build/kernel/src/timer.o
 .rodata.rt_system_timer_thread_init.str1.8
                0x000000008000f250        0x6 build/kernel/src/timer.o
 *fill*         0x000000008000f256        0x2 
 .rodata.__FUNCTION__.0
                0x000000008000f258       0x11 build/kernel/src/timer.o
 *fill*         0x000000008000f269        0x7 
 .rodata.__FUNCTION__.1
                0x000000008000f270        0xe build/kernel/src/timer.o
 *fill*         0x000000008000f27e        0x2 
 .rodata.__FUNCTION__.3
                0x000000008000f280        0xf build/kernel/src/timer.o
 *fill*         0x000000008000f28f        0x1 
 .rodata.__FUNCTION__.5
                0x000000008000f290       0x10 build/kernel/src/timer.o
 .rodata.__FUNCTION__.6
                0x000000008000f2a0        0xe build/kernel/src/timer.o
 .rodata.rt_ipc_list_suspend.isra.0.str1.8
                0x000000008000f2ae        0x2 build/kernel/src/ipc.o
 *fill*         0x000000008000f2ae        0x2 
 .rodata.rt_sem_init.str1.8
                0x000000008000f2b0       0x21 build/kernel/src/ipc.o
 *fill*         0x000000008000f2d1        0x7 
 .rodata.rt_sem_detach.str1.8
                0x000000008000f2d8       0x77 build/kernel/src/ipc.o
 .rodata.rt_sem_create.str1.8
                0x000000008000f34f       0x27 build/kernel/src/ipc.o
 *fill*         0x000000008000f34f        0x1 
 .rodata.rt_sem_take.str1.8
                0x000000008000f350       0x37 build/kernel/src/ipc.o
 *fill*         0x000000008000f387        0x1 
 .rodata.rt_mutex_init.str1.8
                0x000000008000f388       0x11 build/kernel/src/ipc.o
 *fill*         0x000000008000f399        0x7 
 .rodata.rt_mutex_detach.str1.8
                0x000000008000f3a0       0x79 build/kernel/src/ipc.o
 *fill*         0x000000008000f419        0x7 
 .rodata.__FUNCTION__.24
                0x000000008000f420       0x11 build/kernel/src/ipc.o
 *fill*         0x000000008000f431        0x7 
 .rodata.__FUNCTION__.25
                0x000000008000f438        0xe build/kernel/src/ipc.o
 *fill*         0x000000008000f446        0x2 
 .rodata.__FUNCTION__.29
                0x000000008000f448        0xe build/kernel/src/ipc.o
 *fill*         0x000000008000f456        0x2 
 .rodata.__FUNCTION__.31
                0x000000008000f458        0xf build/kernel/src/ipc.o
 *fill*         0x000000008000f467        0x1 
 .rodata.__FUNCTION__.32
                0x000000008000f468       0x14 build/kernel/src/ipc.o
 *fill*         0x000000008000f47c        0x4 
 .rodata.__FUNCTION__.33
                0x000000008000f480        0xc build/kernel/src/ipc.o
 *fill*         0x000000008000f48c        0x4 
 .rodata.__FUNCTION__.37
                0x000000008000f490        0xc build/kernel/src/ipc.o
 .rodata.rt_thread_idle_entry.str1.8
                0x000000008000f49c       0x2a build/kernel/src/idle.o
 *fill*         0x000000008000f49c        0x4 
 .rodata.rt_thread_idle_init.str1.8
                0x000000008000f4a0        0x8 build/kernel/src/idle.o
 .rodata.__FUNCTION__.0
                0x000000008000f4a8       0x13 build/kernel/src/idle.o
 *fill*         0x000000008000f4bb        0x5 
 .rodata.rt_hw_interrupt_handle.str1.8
                0x000000008000f4c0       0x25 /home/ddddddd/my_learn/cpu_relative/prog/src/rtthread/libcpu/risc-v/virt64/interrupt.o
 *fill*         0x000000008000f4e5        0x3 
 .rodata.dump_regs.str1.8
                0x000000008000f4e8      0x497 /home/ddddddd/my_learn/cpu_relative/prog/src/rtthread/libcpu/risc-v/virt64/interrupt.o
 *fill*         0x000000008000f97f        0x1 
 .rodata.handle_trap.str1.8
                0x000000008000f980      0x1fe /home/ddddddd/my_learn/cpu_relative/prog/src/rtthread/libcpu/risc-v/virt64/interrupt.o
                                        0x206 (size before relaxing)
 *fill*         0x000000008000fb7e        0x2 
 .rodata.handle_trap
                0x000000008000fb80       0x54 /home/ddddddd/my_learn/cpu_relative/prog/src/rtthread/libcpu/risc-v/virt64/interrupt.o
 *fill*         0x000000008000fbd4        0x4 
 .rodata.str1.8
                0x000000008000fbd8       0x82 /home/ddddddd/my_learn/cpu_relative/prog/src/rtthread/libcpu/risc-v/virt64/interrupt.o
 *fill*         0x000000008000fc5a        0x6 
 .rodata.CSWTCH.17
                0x000000008000fc60       0x50 /home/ddddddd/my_learn/cpu_relative/prog/src/rtthread/libcpu/risc-v/virt64/interrupt.o
 .rodata.hello.str1.8
                0x000000008000fcb0       0x12 build/kernel/components/finsh/cmd.o
 *fill*         0x000000008000fcc2        0x6 
 .rodata.clear.str1.8
                0x000000008000fcc8        0x8 build/kernel/components/finsh/cmd.o
 .rodata.show_wait_queue.str1.8
                0x000000008000fcd0        0xa build/kernel/components/finsh/cmd.o
 *fill*         0x000000008000fcda        0x6 
 .rodata.list.str1.8
                0x000000008000fce0       0x2d build/kernel/components/finsh/cmd.o
 *fill*         0x000000008000fd0d        0x3 
 .rodata.object_split.constprop.0.str1.8
                0x000000008000fd10        0x2 build/kernel/components/finsh/cmd.o
 *fill*         0x000000008000fd12        0x6 
 .rodata.list_timer.str1.8
                0x000000008000fd18       0x9d build/kernel/components/finsh/cmd.o
                                         0xa5 (size before relaxing)
 *fill*         0x000000008000fdb5        0x3 
 .rodata.list_thread.str1.8
                0x000000008000fdb8      0x118 build/kernel/components/finsh/cmd.o
 .rodata.list_sem.str1.8
                0x000000008000fed0       0x68 build/kernel/components/finsh/cmd.o
                                         0x70 (size before relaxing)
 .rodata.list_event.str1.8
                0x000000008000ff38       0x7a build/kernel/components/finsh/cmd.o
 *fill*         0x000000008000ffb2        0x6 
 .rodata.list_mutex.str1.8
                0x000000008000ffb8       0x67 build/kernel/components/finsh/cmd.o
 *fill*         0x000000008001001f        0x1 
 .rodata.list_mailbox.str1.8
                0x0000000080010020       0x7e build/kernel/components/finsh/cmd.o
 *fill*         0x000000008001009e        0x2 
 .rodata.list_msgqueue.str1.8
                0x00000000800100a0       0x71 build/kernel/components/finsh/cmd.o
 *fill*         0x0000000080010111        0x7 
 .rodata.list_mempool.str1.8
                0x0000000080010118       0x94 build/kernel/components/finsh/cmd.o
 *fill*         0x00000000800101ac        0x4 
 .rodata.list_device.str1.8
                0x00000000800101b0       0x73 build/kernel/components/finsh/cmd.o
 *fill*         0x0000000080010223        0x5 
 .rodata.str1.8
                0x0000000080010228      0x163 build/kernel/components/finsh/cmd.o
 *fill*         0x000000008001038b        0x5 
 .rodata.device_type_str
                0x0000000080010390       0xb8 build/kernel/components/finsh/cmd.o
 .rodata.name   0x0000000080010448      0x42e build/kernel/components/finsh/cmd.o
                0x0000000080010448                __fsym_list_desc
                0x0000000080010468                __fsym_list_name
                0x0000000080010470                __fsym___cmd_list_device_desc
                0x0000000080010488                __fsym___cmd_list_device_name
                0x00000000800104a0                __fsym_list_device_desc
                0x00000000800104b8                __fsym_list_device_name
                0x00000000800104c8                __fsym___cmd_list_timer_desc
                0x00000000800104e0                __fsym___cmd_list_timer_name
                0x00000000800104f8                __fsym_list_timer_desc
                0x0000000080010510                __fsym_list_timer_name
                0x0000000080010520                __fsym___cmd_list_mempool_desc
                0x0000000080010540                __fsym___cmd_list_mempool_name
                0x0000000080010558                __fsym_list_mempool_desc
                0x0000000080010578                __fsym_list_mempool_name
                0x0000000080010588                __fsym___cmd_list_msgqueue_desc
                0x00000000800105a8                __fsym___cmd_list_msgqueue_name
                0x00000000800105c0                __fsym_list_msgqueue_desc
                0x00000000800105e0                __fsym_list_msgqueue_name
                0x00000000800105f0                __fsym___cmd_list_mailbox_desc
                0x0000000080010608                __fsym___cmd_list_mailbox_name
                0x0000000080010620                __fsym_list_mailbox_desc
                0x0000000080010638                __fsym_list_mailbox_name
                0x0000000080010648                __fsym___cmd_list_mutex_desc
                0x0000000080010660                __fsym___cmd_list_mutex_name
                0x0000000080010678                __fsym_list_mutex_desc
                0x0000000080010690                __fsym_list_mutex_name
                0x00000000800106a0                __fsym___cmd_list_event_desc
                0x00000000800106b8                __fsym___cmd_list_event_name
                0x00000000800106d0                __fsym_list_event_desc
                0x00000000800106e8                __fsym_list_event_name
                0x00000000800106f8                __fsym___cmd_list_sem_desc
                0x0000000080010718                __fsym___cmd_list_sem_name
                0x0000000080010728                __fsym_list_sem_desc
                0x0000000080010748                __fsym_list_sem_name
                0x0000000080010758                __fsym___cmd_list_thread_desc
                0x0000000080010768                __fsym___cmd_list_thread_name
                0x0000000080010780                __fsym_list_thread_desc
                0x0000000080010790                __fsym_list_thread_name
                0x00000000800107a0                __fsym___cmd_version_desc
                0x00000000800107c8                __fsym___cmd_version_name
                0x00000000800107d8                __fsym_version_desc
                0x0000000080010800                __fsym_version_name
                0x0000000080010808                __fsym___cmd_clear_desc
                0x0000000080010828                __fsym___cmd_clear_name
                0x0000000080010838                __fsym_clear_desc
                0x0000000080010858                __fsym_clear_name
                0x0000000080010860                __fsym_hello_desc
                0x0000000080010870                __fsym_hello_name
 *fill*         0x0000000080010876        0x2 
 .rodata.finsh_rx_ind.str1.8
                0x0000000080010878       0x11 build/kernel/components/finsh/shell.o
 *fill*         0x0000000080010889        0x7 
 .rodata.finsh_get_prompt.str1.8
                0x0000000080010890       0x12 build/kernel/components/finsh/shell.o
 *fill*         0x00000000800108a2        0x6 
 .rodata.shell_handle_history.isra.0.str1.8
                0x00000000800108a8        0xd build/kernel/components/finsh/shell.o
 *fill*         0x00000000800108b5        0x3 
 .rodata.finsh_system_init.str1.8
                0x00000000800108b8       0x25 build/kernel/components/finsh/shell.o
 *fill*         0x00000000800108dd        0x3 
 .rodata.finsh_set_device.str1.8
                0x00000000800108e0       0x20 build/kernel/components/finsh/shell.o
 .rodata.finsh_thread_entry.str1.8
                0x0000000080010900       0x14 build/kernel/components/finsh/shell.o
                                         0x2b (size before relaxing)
 *fill*         0x0000000080010914        0x4 
 .rodata.__FUNCTION__.0
                0x0000000080010918        0xe build/kernel/components/finsh/shell.o
 *fill*         0x0000000080010926        0x2 
 .rodata.__FUNCTION__.4
                0x0000000080010928        0xd build/kernel/components/finsh/shell.o
 *fill*         0x0000000080010935        0x3 
 .rodata.__FUNCTION__.5
                0x0000000080010938       0x11 build/kernel/components/finsh/shell.o
 *fill*         0x0000000080010949        0x7 
 .rodata.__FUNCTION__.6
                0x0000000080010950       0x16 build/kernel/components/finsh/shell.o
 .rodata.cmd_pwd.str1.8
                0x0000000080010966       0x14 build/kernel/components/finsh/msh_file.o
                                          0x4 (size before relaxing)
 *fill*         0x0000000080010966        0x2 
 .rodata.directory_delete_for_msh.str1.8
                0x0000000080010968       0x50 build/kernel/components/finsh/msh_file.o
                                         0x58 (size before relaxing)
 .rodata.cmd_rm.str1.8
                0x00000000800109b8       0xaf build/kernel/components/finsh/msh_file.o
 *fill*         0x0000000080010a67        0x1 
 .rodata.cmd_mkfs.str1.8
                0x0000000080010a68       0x48 build/kernel/components/finsh/msh_file.o
 .rodata.cmd_mount.str1.8
                0x0000000080010ab0       0xce build/kernel/components/finsh/msh_file.o
 *fill*         0x0000000080010b7e        0x2 
 .rodata.cmd_umount.str1.8
                0x0000000080010b80       0x30 build/kernel/components/finsh/msh_file.o
 .rodata.cmd_tail.str1.8
                0x0000000080010bb0       0xc5 build/kernel/components/finsh/msh_file.o
                                         0xd2 (size before relaxing)
 *fill*         0x0000000080010c75        0x3 
 .rodata.cmd_cp.str1.8
                0x0000000080010c78       0x2e build/kernel/components/finsh/msh_file.o
 *fill*         0x0000000080010ca6        0x2 
 .rodata.cmd_mv.str1.8
                0x0000000080010ca8       0x6f build/kernel/components/finsh/msh_file.o
 *fill*         0x0000000080010d17        0x1 
 .rodata.cmd_cat.str1.8
                0x0000000080010d18       0x2d build/kernel/components/finsh/msh_file.o
 *fill*         0x0000000080010d45        0x3 
 .rodata.cmd_cd.str1.8
                0x0000000080010d48       0x17 build/kernel/components/finsh/msh_file.o
 *fill*         0x0000000080010d5f        0x1 
 .rodata.cmd_mkdir.str1.8
                0x0000000080010d60       0x5d build/kernel/components/finsh/msh_file.o
 *fill*         0x0000000080010dbd        0x3 
 .rodata.cmd_df.str1.8
                0x0000000080010dc0       0x1b build/kernel/components/finsh/msh_file.o
                                         0x23 (size before relaxing)
 *fill*         0x0000000080010ddb        0x5 
 .rodata.cmd_echo.str1.8
                0x0000000080010de0       0x39 build/kernel/components/finsh/msh_file.o
 *fill*         0x0000000080010e19        0x7 
 .rodata.msh_exec_script.str1.8
                0x0000000080010e20       0x1a build/kernel/components/finsh/msh_file.o
 *fill*         0x0000000080010e3a        0x6 
 .rodata.name   0x0000000080010e40      0x2a1 build/kernel/components/finsh/msh_file.o
                0x0000000080010e40                __fsym___cmd_tail_desc
                0x0000000080010e70                __fsym___cmd_tail_name
                0x0000000080010e80                __fsym___cmd_echo_desc
                0x0000000080010e98                __fsym___cmd_echo_name
                0x0000000080010ea8                __fsym___cmd_df_desc
                0x0000000080010eb8                __fsym___cmd_df_name
                0x0000000080010ec8                __fsym___cmd_umount_desc
                0x0000000080010ee8                __fsym___cmd_umount_name
                0x0000000080010ef8                __fsym___cmd_mount_desc
                0x0000000080010f20                __fsym___cmd_mount_name
                0x0000000080010f30                __fsym___cmd_mkfs_desc
                0x0000000080010f50                __fsym___cmd_mkfs_name
                0x0000000080010f60                __fsym___cmd_mkdir_desc
                0x0000000080010f78                __fsym___cmd_mkdir_name
                0x0000000080010f88                __fsym___cmd_pwd_desc
                0x0000000080010fc0                __fsym___cmd_pwd_name
                0x0000000080010fd0                __fsym___cmd_cd_desc
                0x0000000080010ff8                __fsym___cmd_cd_name
                0x0000000080011008                __fsym___cmd_rm_desc
                0x0000000080011028                __fsym___cmd_rm_name
                0x0000000080011038                __fsym___cmd_cat_desc
                0x0000000080011050                __fsym___cmd_cat_name
                0x0000000080011060                __fsym___cmd_mv_desc
                0x0000000080011078                __fsym___cmd_mv_name
                0x0000000080011088                __fsym___cmd_cp_desc
                0x00000000800110a0                __fsym___cmd_cp_name
                0x00000000800110b0                __fsym___cmd_ls_desc
                0x00000000800110d8                __fsym___cmd_ls_name
 *fill*         0x00000000800110e1        0x7 
 .rodata.msh_help.str1.8
                0x00000000800110e8       0x34 build/kernel/components/finsh/msh.o
                                         0x3a (size before relaxing)
 *fill*         0x000000008001111c        0x4 
 .rodata.msh_exec.str1.8
                0x0000000080011120       0x40 build/kernel/components/finsh/msh.o
 .rodata.msh_auto_complete_path.str1.8
                0x0000000080011160        0xc build/kernel/components/finsh/msh.o
 .rodata.name   0x0000000080011160       0x8b build/kernel/components/finsh/msh.o
                0x0000000080011160                __fsym___cmd_free_desc
                0x0000000080011188                __fsym___cmd_free_name
                0x0000000080011198                __fsym___cmd_ps_desc
                0x00000000800111b8                __fsym___cmd_ps_name
                0x00000000800111c8                __fsym___cmd_help_desc
                0x00000000800111e0                __fsym___cmd_help_name
 *fill*         0x00000000800111eb        0x5 
 .rodata.dfs_register.str1.8
                0x00000000800111f0       0x45 build/kernel/components/dfs/src/dfs_fs.o
                                         0x4a (size before relaxing)
 *fill*         0x0000000080011235        0x3 
 .rodata.dfs_filesystem_lookup.str1.8
                0x0000000080011238        0x5 build/kernel/components/dfs/src/dfs_fs.o
 *fill*         0x000000008001123d        0x3 
 .rodata.dfs_mount.str1.8
                0x0000000080011240       0x3a build/kernel/components/dfs/src/dfs_fs.o
                                         0x42 (size before relaxing)
 *fill*         0x000000008001127a        0x6 
 .rodata.dfs_mkfs.str1.8
                0x0000000080011280       0x75 build/kernel/components/dfs/src/dfs_fs.o
 *fill*         0x00000000800112f5        0x3 
 .rodata.df.str1.8
                0x00000000800112f8       0x66 build/kernel/components/dfs/src/dfs_fs.o
 *fill*         0x000000008001135e        0x2 
 .rodata.__FUNCTION__.1
                0x0000000080011360       0x16 build/kernel/components/dfs/src/dfs_fs.o
 *fill*         0x0000000080011376        0x2 
 .rodata.name   0x0000000080011378       0x35 build/kernel/components/dfs/src/dfs_fs.o
                0x0000000080011378                __fsym_df_desc
                0x0000000080011388                __fsym_df_name
                0x0000000080011390                __fsym_mkfs_desc
                0x00000000800113a8                __fsym_mkfs_name
 .rodata.chdir.str1.8
                0x00000000800113ad        0x4 build/kernel/components/dfs/src/dfs_posix.o
 *fill*         0x00000000800113ad        0x3 
 .rodata.name   0x00000000800113b0       0x4e build/kernel/components/dfs/src/dfs_posix.o
                0x00000000800113b0                __fsym_cd_desc
                0x00000000800113d8                __fsym_cd_name
                0x00000000800113e0                __fsym_mkdir_desc
                0x00000000800113f8                __fsym_mkdir_name
 *fill*         0x00000000800113fe        0x2 
 .rodata.list_fd.str1.8
                0x0000000080011400       0x8f build/kernel/components/dfs/src/dfs.o
                                         0xa2 (size before relaxing)
 *fill*         0x000000008001148f        0x1 
 .rodata.dfs_init.str1.8
                0x0000000080011490       0x26 build/kernel/components/dfs/src/dfs.o
                                         0x2d (size before relaxing)
 .rodata.dfs_lock.str1.8
                0x00000000800114b6        0x2 build/kernel/components/dfs/src/dfs.o
 *fill*         0x00000000800114b6        0x2 
 .rodata.fd_new.str1.8
                0x00000000800114b8       0x39 build/kernel/components/dfs/src/dfs.o
                                         0x49 (size before relaxing)
 *fill*         0x00000000800114f1        0x7 
 .rodata.fd_put.str1.8
                0x00000000800114f8        0xb build/kernel/components/dfs/src/dfs.o
 *fill*         0x0000000080011503        0x5 
 .rodata.dfs_normalize_path.str1.8
                0x0000000080011508       0x11 build/kernel/components/dfs/src/dfs.o
                                         0x1e (size before relaxing)
 *fill*         0x0000000080011519        0x7 
 .rodata.__FUNCTION__.0
                0x0000000080011520       0x13 build/kernel/components/dfs/src/dfs.o
 *fill*         0x0000000080011533        0x5 
 .rodata.__FUNCTION__.2
                0x0000000080011538        0x9 build/kernel/components/dfs/src/dfs.o
 *fill*         0x0000000080011541        0x7 
 .rodata.name   0x0000000080011548       0x26 build/kernel/components/dfs/src/dfs.o
                0x0000000080011548                __fsym___cmd_list_fd_desc
                0x0000000080011560                __fsym___cmd_list_fd_name
 .rodata.dfs_file_open.str1.8
                0x000000008001156e        0x2 build/kernel/components/dfs/src/dfs_file.o
 *fill*         0x000000008001156e        0x2 
 .rodata.cat.str1.8
                0x0000000080011570       0x10 build/kernel/components/dfs/src/dfs_file.o
                                         0x1a (size before relaxing)
 .rodata.rm.str1.8
                0x0000000080011580       0x12 build/kernel/components/dfs/src/dfs_file.o
 *fill*         0x0000000080011592        0x6 
 .rodata.copyfile.str1.8
                0x0000000080011598       0x4a build/kernel/components/dfs/src/dfs_file.o
                                         0x5a (size before relaxing)
 *fill*         0x00000000800115e2        0x6 
 .rodata.dfs_file_stat.str1.8
                0x00000000800115e8       0x5e build/kernel/components/dfs/src/dfs_file.o
                                         0x6e (size before relaxing)
 *fill*         0x0000000080011646        0x2 
 .rodata.ls.str1.8
                0x0000000080011648       0x53 build/kernel/components/dfs/src/dfs_file.o
 *fill*         0x000000008001169b        0x5 
 .rodata.copydir.str1.8
                0x00000000800116a0       0x36 build/kernel/components/dfs/src/dfs_file.o
                                         0x46 (size before relaxing)
 *fill*         0x00000000800116d6        0x2 
 .rodata.copy.str1.8
                0x00000000800116d8       0x44 build/kernel/components/dfs/src/dfs_file.o
 *fill*         0x000000008001171c        0x4 
 .rodata.name   0x0000000080011720       0x7b build/kernel/components/dfs/src/dfs_file.o
                0x0000000080011720                __fsym_copy_desc
                0x0000000080011738                __fsym_copy_name
                0x0000000080011740                __fsym_cat_desc
                0x0000000080011750                __fsym_cat_name
                0x0000000080011758                __fsym_rm_desc
                0x0000000080011778                __fsym_rm_name
                0x0000000080011780                __fsym_ls_desc
                0x0000000080011798                __fsym_ls_name
 *fill*         0x000000008001179b        0x5 
 .rodata.dfs_device_fs_ioctl.str1.8
                0x00000000800117a0       0x22 build/kernel/components/dfs/filesystems/devfs/devfs.o
 *fill*         0x00000000800117c2        0x6 
 .rodata.dfs_device_fs_close.str1.8
                0x00000000800117c8       0x17 build/kernel/components/dfs/filesystems/devfs/devfs.o
 .rodata.dfs_device_fs_open.str1.8
                0x00000000800117df       0x17 build/kernel/components/dfs/filesystems/devfs/devfs.o
 .rodata.str1.8
                0x00000000800117df        0x6 build/kernel/components/dfs/filesystems/devfs/devfs.o
 *fill*         0x00000000800117df        0x1 
 .rodata.__FUNCTION__.0
                0x00000000800117e0       0x17 build/kernel/components/dfs/filesystems/devfs/devfs.o
 *fill*         0x00000000800117f7        0x1 
 .rodata.__FUNCTION__.1
                0x00000000800117f8       0x13 build/kernel/components/dfs/filesystems/devfs/devfs.o
 *fill*         0x000000008001180b        0x5 
 .rodata.__FUNCTION__.2
                0x0000000080011810       0x14 build/kernel/components/dfs/filesystems/devfs/devfs.o
 *fill*         0x0000000080011824        0x4 
 .rodata.__FUNCTION__.3
                0x0000000080011828       0x14 build/kernel/components/dfs/filesystems/devfs/devfs.o
 *fill*         0x000000008001183c        0x4 
 .rodata.__FUNCTION__.4
                0x0000000080011840       0x13 build/kernel/components/dfs/filesystems/devfs/devfs.o
 *fill*         0x0000000080011853        0x5 
 .rodata.__FUNCTION__.5
                0x0000000080011858       0x14 build/kernel/components/dfs/filesystems/devfs/devfs.o
 *fill*         0x000000008001186c        0x4 
 .rodata._device_fops
                0x0000000080011870       0x48 build/kernel/components/dfs/filesystems/devfs/devfs.o
 .rodata._device_fs
                0x00000000800118b8       0x50 build/kernel/components/dfs/filesystems/devfs/devfs.o
 .rodata.dfs_romfs_read.str1.8
                0x0000000080011908        0xf build/kernel/components/dfs/filesystems/romfs/dfs_romfs.o
 *fill*         0x0000000080011917        0x1 
 .rodata.dfs_romfs_getdents.str1.8
                0x0000000080011918       0x21 build/kernel/components/dfs/filesystems/romfs/dfs_romfs.o
 *fill*         0x0000000080011939        0x7 
 .rodata.str1.8
                0x0000000080011940        0x4 build/kernel/components/dfs/filesystems/romfs/dfs_romfs.o
 *fill*         0x0000000080011944        0x4 
 .rodata.__FUNCTION__.0
                0x0000000080011948       0x13 build/kernel/components/dfs/filesystems/romfs/dfs_romfs.o
 *fill*         0x000000008001195b        0x5 
 .rodata.__FUNCTION__.1
                0x0000000080011960        0xf build/kernel/components/dfs/filesystems/romfs/dfs_romfs.o
 *fill*         0x000000008001196f        0x1 
 .rodata._rom_fops
                0x0000000080011970       0x48 build/kernel/components/dfs/filesystems/romfs/dfs_romfs.o
 .rodata._romfs
                0x00000000800119b8       0x50 build/kernel/components/dfs/filesystems/romfs/dfs_romfs.o
 .rodata.rt_serial_control.str1.8
                0x0000000080011a08        0xf build/kernel/components/drivers/serial/serial.o
 .rodata._serial_fifo_calc_recved_len.str1.8
                0x0000000080011a08       0x13 build/kernel/components/drivers/serial/serial.o
 *fill*         0x0000000080011a1b        0x5 
 .rodata.rt_serial_open.str1.8
                0x0000000080011a20       0x42 build/kernel/components/drivers/serial/serial.o
 *fill*         0x0000000080011a62        0x6 
 .rodata.rt_serial_write.str1.8
                0x0000000080011a68        0xe build/kernel/components/drivers/serial/serial.o
 *fill*         0x0000000080011a76        0x2 
 .rodata.rt_serial_read.str1.8
                0x0000000080011a78       0x7e build/kernel/components/drivers/serial/serial.o
 *fill*         0x0000000080011af6        0x2 
 .rodata._serial_check_buffer_size.str1.8
                0x0000000080011af8       0x73 build/kernel/components/drivers/serial/serial.o
                                         0x7a (size before relaxing)
 .rodata.rt_hw_serial_register.str1.8
                0x0000000080011b6b       0x12 build/kernel/components/drivers/serial/serial.o
 *fill*         0x0000000080011b6b        0x5 
 .rodata.rt_hw_serial_isr.str1.8
                0x0000000080011b70       0x26 build/kernel/components/drivers/serial/serial.o
 *fill*         0x0000000080011b96        0x2 
 .rodata.__FUNCTION__.0
                0x0000000080011b98       0x1d build/kernel/components/drivers/serial/serial.o
 *fill*         0x0000000080011bb5        0x3 
 .rodata.__FUNCTION__.10
                0x0000000080011bb8        0xf build/kernel/components/drivers/serial/serial.o
 *fill*         0x0000000080011bc7        0x1 
 .rodata.__FUNCTION__.11
                0x0000000080011bc8        0xf build/kernel/components/drivers/serial/serial.o
 *fill*         0x0000000080011bd7        0x1 
 .rodata.__FUNCTION__.13
                0x0000000080011bd8        0xf build/kernel/components/drivers/serial/serial.o
 *fill*         0x0000000080011be7        0x1 
 .rodata.__FUNCTION__.14
                0x0000000080011be8       0x10 build/kernel/components/drivers/serial/serial.o
 .rodata.__FUNCTION__.15
                0x0000000080011bf8       0x12 build/kernel/components/drivers/serial/serial.o
 *fill*         0x0000000080011c0a        0x6 
 .rodata.__FUNCTION__.16
                0x0000000080011c10       0x16 build/kernel/components/drivers/serial/serial.o
 *fill*         0x0000000080011c26        0x2 
 .rodata.__FUNCTION__.2
                0x0000000080011c28       0x11 build/kernel/components/drivers/serial/serial.o
 *fill*         0x0000000080011c39        0x7 
 .rodata.__FUNCTION__.3
                0x0000000080011c40        0xf build/kernel/components/drivers/serial/serial.o
 *fill*         0x0000000080011c4f        0x1 
 .rodata.__FUNCTION__.4
                0x0000000080011c50        0xf build/kernel/components/drivers/serial/serial.o
 *fill*         0x0000000080011c5f        0x1 
 .rodata.__FUNCTION__.5
                0x0000000080011c60       0x10 build/kernel/components/drivers/serial/serial.o
 .rodata.__FUNCTION__.7
                0x0000000080011c70       0x1d build/kernel/components/drivers/serial/serial.o
 *fill*         0x0000000080011c8d        0x3 
 .rodata.__FUNCTION__.8
                0x0000000080011c90       0x1d build/kernel/components/drivers/serial/serial.o
 *fill*         0x0000000080011cad        0x3 
 .rodata.__FUNCTION__.9
                0x0000000080011cb0        0xf build/kernel/components/drivers/serial/serial.o
 *fill*         0x0000000080011cbf        0x1 
 .rodata.rt_completion_init.str1.8
                0x0000000080011cc0       0x16 build/kernel/components/drivers/src/completion.o
 *fill*         0x0000000080011cd6        0x2 
 .rodata.rt_completion_wait.str1.8
                0x0000000080011cd8       0x2f build/kernel/components/drivers/src/completion.o
                                         0x5a (size before relaxing)
 *fill*         0x0000000080011d07        0x1 
 .rodata.__FUNCTION__.0
                0x0000000080011d08       0x13 build/kernel/components/drivers/src/completion.o
 *fill*         0x0000000080011d1b        0x5 
 .rodata.__FUNCTION__.1
                0x0000000080011d20       0x13 build/kernel/components/drivers/src/completion.o
 *fill*         0x0000000080011d33        0x5 
 .rodata.__FUNCTION__.2
                0x0000000080011d38       0x13 build/kernel/components/drivers/src/completion.o
 *fill*         0x0000000080011d4b        0x5 
 .rodata.rt_data_queue_init.str1.8
                0x0000000080011d50       0x21 build/kernel/components/drivers/src/dataqueue.o
 *fill*         0x0000000080011d71        0x7 
 .rodata.rt_data_queue_push.str1.8
                0x0000000080011d78       0x20 build/kernel/components/drivers/src/dataqueue.o
                                         0x4a (size before relaxing)
 .rodata.rt_data_queue_pop.str1.8
                0x0000000080011d98       0x28 build/kernel/components/drivers/src/dataqueue.o
 .rodata.__FUNCTION__.0
                0x0000000080011dc0       0x12 build/kernel/components/drivers/src/dataqueue.o
 *fill*         0x0000000080011dd2        0x6 
 .rodata.__FUNCTION__.1
                0x0000000080011dd8       0x15 build/kernel/components/drivers/src/dataqueue.o
 *fill*         0x0000000080011ded        0x3 
 .rodata.__FUNCTION__.2
                0x0000000080011df0       0x14 build/kernel/components/drivers/src/dataqueue.o
 *fill*         0x0000000080011e04        0x4 
 .rodata.__FUNCTION__.3
                0x0000000080011e08       0x13 build/kernel/components/drivers/src/dataqueue.o
 *fill*         0x0000000080011e1b        0x5 
 .rodata.__FUNCTION__.4
                0x0000000080011e20       0x12 build/kernel/components/drivers/src/dataqueue.o
 *fill*         0x0000000080011e32        0x6 
 .rodata.__FUNCTION__.5
                0x0000000080011e38       0x13 build/kernel/components/drivers/src/dataqueue.o
 *fill*         0x0000000080011e4b        0x5 
 .rodata.__FUNCTION__.6
                0x0000000080011e50       0x13 build/kernel/components/drivers/src/dataqueue.o
 *fill*         0x0000000080011e63        0x5 
 .rodata.rt_pin_mode.str1.8
                0x0000000080011e68       0x17 build/kernel/components/drivers/misc/pin.o
 *fill*         0x0000000080011e7f        0x1 
 .rodata.rt_pin_get.str1.8
                0x0000000080011e80        0xf build/kernel/components/drivers/misc/pin.o
 *fill*         0x0000000080011e8f        0x1 
 .rodata.__FUNCTION__.0
                0x0000000080011e90        0xb build/kernel/components/drivers/misc/pin.o